app/(protected)/(tabs)/_layout.tsx(11,9): error TS2353: Object literal may only specify known properties, and 'sceneContainerStyle' does not exist in type 'BottomTabNavigationOptions | ((props: { route: RouteProp<ParamListBase, string>; navigation: BottomTabNavigationProp<ParamListBase, string, undefined>; theme: Theme; }) => BottomTabNavigationOptions)'.
app/(protected)/(tabs)/course/[day].tsx(328,13): error TS2322: Type '{ type: "timing"; duration: number; scale: { type: "spring"; damping: number; stiffness: number; }; }' is not assignable to type 'MotiTransitionProp<any> | undefined'.
  Type '{ type: "timing"; duration: number; scale: { type: "spring"; damping: number; stiffness: number; }; }' is not assignable to type '({ type: "timing"; } & TimingConfig & { delay?: number | undefined; } & { repeat?: number | undefined; loop?: boolean | undefined; repeatReverse?: boolean | undefined; } & Partial<...>) | DerivedValue<...>'.
    Type '{ type: "timing"; duration: number; scale: { type: "spring"; damping: number; stiffness: number; }; }' is not assignable to type '{ type: "timing"; } & TimingConfig & { delay?: number | undefined; } & { repeat?: number | undefined; loop?: boolean | undefined; repeatReverse?: boolean | undefined; } & Partial<...>'.
      Type '{ type: "timing"; duration: number; scale: { type: "spring"; damping: number; stiffness: number; }; }' is not assignable to type 'Partial<Record<string | number | symbol, TransitionConfig>>'.
        Property 'type' is incompatible with index signature.
          Type '"timing"' is not assignable to type 'TransitionConfig | undefined'.
app/(protected)/(tabs)/course/index.tsx(146,94): error TS2339: Property 'accent' does not exist on type '{ readonly bg: "#fafbfc"; readonly border: "#e8ecf0"; readonly text: "#6b7280"; readonly icon: "#9ca3af"; } | { readonly bg: "#f0fdf9"; readonly border: "#99d6c4"; readonly accent: "#0d9488"; readonly text: "#0f766e"; readonly badgeBg: "#0d9488"; } | { ...; }'.
  Property 'accent' does not exist on type '{ readonly bg: "#fafbfc"; readonly border: "#e8ecf0"; readonly text: "#6b7280"; readonly icon: "#9ca3af"; }'.
app/(protected)/(tabs)/course/index.tsx(158,68): error TS2339: Property 'icon' does not exist on type '{ readonly bg: "#fafbfc"; readonly border: "#e8ecf0"; readonly text: "#6b7280"; readonly icon: "#9ca3af"; } | { readonly bg: "#f0fdf9"; readonly border: "#99d6c4"; readonly accent: "#0d9488"; readonly text: "#0f766e"; readonly badgeBg: "#0d9488"; } | { ...; }'.
  Property 'icon' does not exist on type '{ readonly bg: "#f0fdf9"; readonly border: "#99d6c4"; readonly accent: "#0d9488"; readonly text: "#0f766e"; readonly badgeBg: "#0d9488"; }'.
app/(protected)/(tabs)/course/index.tsx(159,76): error TS2339: Property 'accent' does not exist on type '{ readonly bg: "#fafbfc"; readonly border: "#e8ecf0"; readonly text: "#6b7280"; readonly icon: "#9ca3af"; } | { readonly bg: "#f0fdf9"; readonly border: "#99d6c4"; readonly accent: "#0d9488"; readonly text: "#0f766e"; readonly badgeBg: "#0d9488"; } | { ...; }'.
  Property 'accent' does not exist on type '{ readonly bg: "#fafbfc"; readonly border: "#e8ecf0"; readonly text: "#6b7280"; readonly icon: "#9ca3af"; }'.
app/(protected)/(tabs)/course/index.tsx(160,79): error TS2339: Property 'accent' does not exist on type '{ readonly bg: "#fafbfc"; readonly border: "#e8ecf0"; readonly text: "#6b7280"; readonly icon: "#9ca3af"; } | { readonly bg: "#f0fdf9"; readonly border: "#99d6c4"; readonly accent: "#0d9488"; readonly text: "#0f766e"; readonly badgeBg: "#0d9488"; } | { ...; }'.
  Property 'accent' does not exist on type '{ readonly bg: "#fafbfc"; readonly border: "#e8ecf0"; readonly text: "#6b7280"; readonly icon: "#9ca3af"; }'.
app/(protected)/(tabs)/course/index.tsx(163,89): error TS2339: Property 'badgeBg' does not exist on type '{ readonly bg: "#fafbfc"; readonly border: "#e8ecf0"; readonly text: "#6b7280"; readonly icon: "#9ca3af"; } | { readonly bg: "#f0fdf9"; readonly border: "#99d6c4"; readonly accent: "#0d9488"; readonly text: "#0f766e"; readonly badgeBg: "#0d9488"; } | { ...; }'.
  Property 'badgeBg' does not exist on type '{ readonly bg: "#fafbfc"; readonly border: "#e8ecf0"; readonly text: "#6b7280"; readonly icon: "#9ca3af"; }'.
app/(protected)/(tabs)/finance/accounts.tsx(169,11): error TS2322: Type 'string | null' is not assignable to type 'string'.
  Type 'null' is not assignable to type 'string'.
app/(protected)/(tabs)/finance/accounts.tsx(481,13): error TS2322: Type '{ type: "timing"; duration: number; }' is not assignable to type 'MotiTransitionProp<any> | undefined'.
  Type '{ type: "timing"; duration: number; }' is not assignable to type '({ type: "timing"; } & TimingConfig & { delay?: number | undefined; } & { repeat?: number | undefined; loop?: boolean | undefined; repeatReverse?: boolean | undefined; } & Partial<...>) | DerivedValue<...>'.
    Type '{ type: "timing"; duration: number; }' is not assignable to type '{ type: "timing"; } & TimingConfig & { delay?: number | undefined; } & { repeat?: number | undefined; loop?: boolean | undefined; repeatReverse?: boolean | undefined; } & Partial<...>'.
      Type '{ type: "timing"; duration: number; }' is not assignable to type 'Partial<Record<string | number | symbol, TransitionConfig>>'.
        Property 'type' is incompatible with index signature.
          Type '"timing"' is not assignable to type 'TransitionConfig | undefined'.
app/(protected)/(tabs)/finance/accounts.tsx(507,21): error TS2322: Type '{ type: "timing"; duration: number; }' is not assignable to type 'MotiTransitionProp<any> | undefined'.
  Type '{ type: "timing"; duration: number; }' is not assignable to type '({ type: "timing"; } & TimingConfig & { delay?: number | undefined; } & { repeat?: number | undefined; loop?: boolean | undefined; repeatReverse?: boolean | undefined; } & Partial<...>) | DerivedValue<...>'.
    Type '{ type: "timing"; duration: number; }' is not assignable to type '{ type: "timing"; } & TimingConfig & { delay?: number | undefined; } & { repeat?: number | undefined; loop?: boolean | undefined; repeatReverse?: boolean | undefined; } & Partial<...>'.
      Type '{ type: "timing"; duration: number; }' is not assignable to type 'Partial<Record<string | number | symbol, TransitionConfig>>'.
        Property 'type' is incompatible with index signature.
          Type '"timing"' is not assignable to type 'TransitionConfig | undefined'.
app/(protected)/(tabs)/finance/accounts.tsx(528,15): error TS2769: No overload matches this call.
  Overload 1 of 2, '(props: TextInputProps): TextInput', gave the following error.
    Type '{ outlineStyle?: "none" | undefined; borderWidth: number; borderColor: string; borderRadius: number; padding: number; marginBottom: number; fontSize: number; backgroundColor: string; }' is not assignable to type 'StyleProp<TextStyle>'.
      Type '{ outlineStyle?: "none" | undefined; borderWidth: number; borderColor: string; borderRadius: number; padding: number; marginBottom: number; fontSize: number; backgroundColor: string; }' is not assignable to type 'TextStyle'.
        Types of property 'outlineStyle' are incompatible.
          Type '"none" | undefined' is not assignable to type '"solid" | "dotted" | "dashed" | undefined'.
            Type '"none"' is not assignable to type '"solid" | "dotted" | "dashed" | undefined'.
  Overload 2 of 2, '(props: TextInputProps, context: any): TextInput', gave the following error.
    Type '{ outlineStyle?: "none" | undefined; borderWidth: number; borderColor: string; borderRadius: number; padding: number; marginBottom: number; fontSize: number; backgroundColor: string; }' is not assignable to type 'StyleProp<TextStyle>'.
      Type '{ outlineStyle?: "none" | undefined; borderWidth: number; borderColor: string; borderRadius: number; padding: number; marginBottom: number; fontSize: number; backgroundColor: string; }' is not assignable to type 'TextStyle'.
        Types of property 'outlineStyle' are incompatible.
          Type '"none" | undefined' is not assignable to type '"solid" | "dotted" | "dashed" | undefined'.
            Type '"none"' is not assignable to type '"solid" | "dotted" | "dashed" | undefined'.
app/(protected)/(tabs)/finance/accounts.tsx(540,15): error TS2769: No overload matches this call.
  Overload 1 of 2, '(props: TextInputProps): TextInput', gave the following error.
    Type '{ outlineStyle?: "none" | undefined; borderWidth: number; borderColor: string; borderRadius: number; padding: number; marginBottom: number; fontSize: number; backgroundColor: string; }' is not assignable to type 'StyleProp<TextStyle>'.
      Type '{ outlineStyle?: "none" | undefined; borderWidth: number; borderColor: string; borderRadius: number; padding: number; marginBottom: number; fontSize: number; backgroundColor: string; }' is not assignable to type 'TextStyle'.
        Types of property 'outlineStyle' are incompatible.
          Type '"none" | undefined' is not assignable to type '"solid" | "dotted" | "dashed" | undefined'.
            Type '"none"' is not assignable to type '"solid" | "dotted" | "dashed" | undefined'.
  Overload 2 of 2, '(props: TextInputProps, context: any): TextInput', gave the following error.
    Type '{ outlineStyle?: "none" | undefined; borderWidth: number; borderColor: string; borderRadius: number; padding: number; marginBottom: number; fontSize: number; backgroundColor: string; }' is not assignable to type 'StyleProp<TextStyle>'.
      Type '{ outlineStyle?: "none" | undefined; borderWidth: number; borderColor: string; borderRadius: number; padding: number; marginBottom: number; fontSize: number; backgroundColor: string; }' is not assignable to type 'TextStyle'.
        Types of property 'outlineStyle' are incompatible.
          Type '"none" | undefined' is not assignable to type '"solid" | "dotted" | "dashed" | undefined'.
            Type '"none"' is not assignable to type '"solid" | "dotted" | "dashed" | undefined'.
app/(protected)/(tabs)/finance/accounts.tsx(552,19): error TS2769: No overload matches this call.
  Overload 1 of 2, '(props: TextInputProps): TextInput', gave the following error.
    Type '{ outlineStyle?: "none" | undefined; borderWidth: number; borderColor: string; borderRadius: number; padding: number; marginBottom: number; fontSize: number; backgroundColor: string; }' is not assignable to type 'StyleProp<TextStyle>'.
      Type '{ outlineStyle?: "none" | undefined; borderWidth: number; borderColor: string; borderRadius: number; padding: number; marginBottom: number; fontSize: number; backgroundColor: string; }' is not assignable to type 'TextStyle'.
        Types of property 'outlineStyle' are incompatible.
          Type '"none" | undefined' is not assignable to type '"solid" | "dotted" | "dashed" | undefined'.
            Type '"none"' is not assignable to type '"solid" | "dotted" | "dashed" | undefined'.
  Overload 2 of 2, '(props: TextInputProps, context: any): TextInput', gave the following error.
    Type '{ outlineStyle?: "none" | undefined; borderWidth: number; borderColor: string; borderRadius: number; padding: number; marginBottom: number; fontSize: number; backgroundColor: string; }' is not assignable to type 'StyleProp<TextStyle>'.
      Type '{ outlineStyle?: "none" | undefined; borderWidth: number; borderColor: string; borderRadius: number; padding: number; marginBottom: number; fontSize: number; backgroundColor: string; }' is not assignable to type 'TextStyle'.
        Types of property 'outlineStyle' are incompatible.
          Type '"none" | undefined' is not assignable to type '"solid" | "dotted" | "dashed" | undefined'.
            Type '"none"' is not assignable to type '"solid" | "dotted" | "dashed" | undefined'.
app/(protected)/(tabs)/finance/accounts.tsx(561,19): error TS2769: No overload matches this call.
  Overload 1 of 2, '(props: TextInputProps): TextInput', gave the following error.
    Type '{ outlineStyle?: "none" | undefined; borderWidth: number; borderColor: string; borderRadius: number; padding: number; marginBottom: number; fontSize: number; backgroundColor: string; }' is not assignable to type 'StyleProp<TextStyle>'.
      Type '{ outlineStyle?: "none" | undefined; borderWidth: number; borderColor: string; borderRadius: number; padding: number; marginBottom: number; fontSize: number; backgroundColor: string; }' is not assignable to type 'TextStyle'.
        Types of property 'outlineStyle' are incompatible.
          Type '"none" | undefined' is not assignable to type '"solid" | "dotted" | "dashed" | undefined'.
            Type '"none"' is not assignable to type '"solid" | "dotted" | "dashed" | undefined'.
  Overload 2 of 2, '(props: TextInputProps, context: any): TextInput', gave the following error.
    Type '{ outlineStyle?: "none" | undefined; borderWidth: number; borderColor: string; borderRadius: number; padding: number; marginBottom: number; fontSize: number; backgroundColor: string; }' is not assignable to type 'StyleProp<TextStyle>'.
      Type '{ outlineStyle?: "none" | undefined; borderWidth: number; borderColor: string; borderRadius: number; padding: number; marginBottom: number; fontSize: number; backgroundColor: string; }' is not assignable to type 'TextStyle'.
        Types of property 'outlineStyle' are incompatible.
          Type '"none" | undefined' is not assignable to type '"solid" | "dotted" | "dashed" | undefined'.
            Type '"none"' is not assignable to type '"solid" | "dotted" | "dashed" | undefined'.
app/(protected)/(tabs)/finance/accounts.tsx(574,19): error TS2769: No overload matches this call.
  Overload 1 of 2, '(props: TextInputProps): TextInput', gave the following error.
    Type '{ outlineStyle?: "none" | undefined; borderWidth: number; borderColor: string; borderRadius: number; padding: number; marginBottom: number; fontSize: number; backgroundColor: string; }' is not assignable to type 'StyleProp<TextStyle>'.
      Type '{ outlineStyle?: "none" | undefined; borderWidth: number; borderColor: string; borderRadius: number; padding: number; marginBottom: number; fontSize: number; backgroundColor: string; }' is not assignable to type 'TextStyle'.
        Types of property 'outlineStyle' are incompatible.
          Type '"none" | undefined' is not assignable to type '"solid" | "dotted" | "dashed" | undefined'.
            Type '"none"' is not assignable to type '"solid" | "dotted" | "dashed" | undefined'.
  Overload 2 of 2, '(props: TextInputProps, context: any): TextInput', gave the following error.
    Type '{ outlineStyle?: "none" | undefined; borderWidth: number; borderColor: string; borderRadius: number; padding: number; marginBottom: number; fontSize: number; backgroundColor: string; }' is not assignable to type 'StyleProp<TextStyle>'.
      Type '{ outlineStyle?: "none" | undefined; borderWidth: number; borderColor: string; borderRadius: number; padding: number; marginBottom: number; fontSize: number; backgroundColor: string; }' is not assignable to type 'TextStyle'.
        Types of property 'outlineStyle' are incompatible.
          Type '"none" | undefined' is not assignable to type '"solid" | "dotted" | "dashed" | undefined'.
            Type '"none"' is not assignable to type '"solid" | "dotted" | "dashed" | undefined'.
app/(protected)/(tabs)/finance/accounts.tsx(583,19): error TS2769: No overload matches this call.
  Overload 1 of 2, '(props: TextInputProps): TextInput', gave the following error.
    Type '{ outlineStyle?: "none" | undefined; borderWidth: number; borderColor: string; borderRadius: number; padding: number; marginBottom: number; fontSize: number; backgroundColor: string; }' is not assignable to type 'StyleProp<TextStyle>'.
      Type '{ outlineStyle?: "none" | undefined; borderWidth: number; borderColor: string; borderRadius: number; padding: number; marginBottom: number; fontSize: number; backgroundColor: string; }' is not assignable to type 'TextStyle'.
        Types of property 'outlineStyle' are incompatible.
          Type '"none" | undefined' is not assignable to type '"solid" | "dotted" | "dashed" | undefined'.
            Type '"none"' is not assignable to type '"solid" | "dotted" | "dashed" | undefined'.
  Overload 2 of 2, '(props: TextInputProps, context: any): TextInput', gave the following error.
    Type '{ outlineStyle?: "none" | undefined; borderWidth: number; borderColor: string; borderRadius: number; padding: number; marginBottom: number; fontSize: number; backgroundColor: string; }' is not assignable to type 'StyleProp<TextStyle>'.
      Type '{ outlineStyle?: "none" | undefined; borderWidth: number; borderColor: string; borderRadius: number; padding: number; marginBottom: number; fontSize: number; backgroundColor: string; }' is not assignable to type 'TextStyle'.
        Types of property 'outlineStyle' are incompatible.
          Type '"none" | undefined' is not assignable to type '"solid" | "dotted" | "dashed" | undefined'.
            Type '"none"' is not assignable to type '"solid" | "dotted" | "dashed" | undefined'.
app/(protected)/(tabs)/finance/accounts.tsx(592,19): error TS2769: No overload matches this call.
  Overload 1 of 2, '(props: TextInputProps): TextInput', gave the following error.
    Type '{ outlineStyle?: "none" | undefined; borderWidth: number; borderColor: string; borderRadius: number; padding: number; marginBottom: number; fontSize: number; backgroundColor: string; }' is not assignable to type 'StyleProp<TextStyle>'.
      Type '{ outlineStyle?: "none" | undefined; borderWidth: number; borderColor: string; borderRadius: number; padding: number; marginBottom: number; fontSize: number; backgroundColor: string; }' is not assignable to type 'TextStyle'.
        Types of property 'outlineStyle' are incompatible.
          Type '"none" | undefined' is not assignable to type '"solid" | "dotted" | "dashed" | undefined'.
            Type '"none"' is not assignable to type '"solid" | "dotted" | "dashed" | undefined'.
  Overload 2 of 2, '(props: TextInputProps, context: any): TextInput', gave the following error.
    Type '{ outlineStyle?: "none" | undefined; borderWidth: number; borderColor: string; borderRadius: number; padding: number; marginBottom: number; fontSize: number; backgroundColor: string; }' is not assignable to type 'StyleProp<TextStyle>'.
      Type '{ outlineStyle?: "none" | undefined; borderWidth: number; borderColor: string; borderRadius: number; padding: number; marginBottom: number; fontSize: number; backgroundColor: string; }' is not assignable to type 'TextStyle'.
        Types of property 'outlineStyle' are incompatible.
          Type '"none" | undefined' is not assignable to type '"solid" | "dotted" | "dashed" | undefined'.
            Type '"none"' is not assignable to type '"solid" | "dotted" | "dashed" | undefined'.
app/(protected)/(tabs)/finance/accounts.tsx(673,15): error TS2322: Type '{ type: "timing"; duration: number; delay: number; }' is not assignable to type 'MotiTransitionProp<any> | undefined'.
  Type '{ type: "timing"; duration: number; delay: number; }' is not assignable to type '({ type: "timing"; } & TimingConfig & { delay?: number | undefined; } & { repeat?: number | undefined; loop?: boolean | undefined; repeatReverse?: boolean | undefined; } & Partial<...>) | DerivedValue<...>'.
    Type '{ type: "timing"; duration: number; delay: number; }' is not assignable to type '{ type: "timing"; } & TimingConfig & { delay?: number | undefined; } & { repeat?: number | undefined; loop?: boolean | undefined; repeatReverse?: boolean | undefined; } & Partial<...>'.
      Type '{ type: "timing"; duration: number; delay: number; }' is not assignable to type 'Partial<Record<string | number | symbol, TransitionConfig>>'.
        Property 'type' is incompatible with index signature.
          Type '"timing"' is not assignable to type 'TransitionConfig | undefined'.
app/(protected)/(tabs)/finance/accounts.tsx(720,11): error TS2322: Type '{ type: "timing"; duration: number; delay: number; }' is not assignable to type 'MotiTransitionProp<any> | undefined'.
  Type '{ type: "timing"; duration: number; delay: number; }' is not assignable to type '({ type: "timing"; } & TimingConfig & { delay?: number | undefined; } & { repeat?: number | undefined; loop?: boolean | undefined; repeatReverse?: boolean | undefined; } & Partial<...>) | DerivedValue<...>'.
    Type '{ type: "timing"; duration: number; delay: number; }' is not assignable to type '{ type: "timing"; } & TimingConfig & { delay?: number | undefined; } & { repeat?: number | undefined; loop?: boolean | undefined; repeatReverse?: boolean | undefined; } & Partial<...>'.
      Type '{ type: "timing"; duration: number; delay: number; }' is not assignable to type 'Partial<Record<string | number | symbol, TransitionConfig>>'.
        Property 'type' is incompatible with index signature.
          Type '"timing"' is not assignable to type 'TransitionConfig | undefined'.
app/(protected)/(tabs)/finance/accounts.tsx(748,15): error TS2769: No overload matches this call.
  Overload 1 of 2, '(props: TextInputProps): TextInput', gave the following error.
    Type '{ outlineStyle?: "none" | undefined; borderWidth: number; borderColor: string; borderRadius: number; padding: number; marginBottom: number; fontSize: number; backgroundColor: string; }' is not assignable to type 'StyleProp<TextStyle>'.
      Type '{ outlineStyle?: "none" | undefined; borderWidth: number; borderColor: string; borderRadius: number; padding: number; marginBottom: number; fontSize: number; backgroundColor: string; }' is not assignable to type 'TextStyle'.
        Types of property 'outlineStyle' are incompatible.
          Type '"none" | undefined' is not assignable to type '"solid" | "dotted" | "dashed" | undefined'.
            Type '"none"' is not assignable to type '"solid" | "dotted" | "dashed" | undefined'.
  Overload 2 of 2, '(props: TextInputProps, context: any): TextInput', gave the following error.
    Type '{ outlineStyle?: "none" | undefined; borderWidth: number; borderColor: string; borderRadius: number; padding: number; marginBottom: number; fontSize: number; backgroundColor: string; }' is not assignable to type 'StyleProp<TextStyle>'.
      Type '{ outlineStyle?: "none" | undefined; borderWidth: number; borderColor: string; borderRadius: number; padding: number; marginBottom: number; fontSize: number; backgroundColor: string; }' is not assignable to type 'TextStyle'.
        Types of property 'outlineStyle' are incompatible.
          Type '"none" | undefined' is not assignable to type '"solid" | "dotted" | "dashed" | undefined'.
            Type '"none"' is not assignable to type '"solid" | "dotted" | "dashed" | undefined'.
app/(protected)/(tabs)/finance/accounts.tsx(757,15): error TS2769: No overload matches this call.
  Overload 1 of 2, '(props: TextInputProps): TextInput', gave the following error.
    Type '{ outlineStyle?: "none" | undefined; borderWidth: number; borderColor: string; borderRadius: number; padding: number; marginBottom: number; fontSize: number; backgroundColor: string; }' is not assignable to type 'StyleProp<TextStyle>'.
      Type '{ outlineStyle?: "none" | undefined; borderWidth: number; borderColor: string; borderRadius: number; padding: number; marginBottom: number; fontSize: number; backgroundColor: string; }' is not assignable to type 'TextStyle'.
        Types of property 'outlineStyle' are incompatible.
          Type '"none" | undefined' is not assignable to type '"solid" | "dotted" | "dashed" | undefined'.
            Type '"none"' is not assignable to type '"solid" | "dotted" | "dashed" | undefined'.
  Overload 2 of 2, '(props: TextInputProps, context: any): TextInput', gave the following error.
    Type '{ outlineStyle?: "none" | undefined; borderWidth: number; borderColor: string; borderRadius: number; padding: number; marginBottom: number; fontSize: number; backgroundColor: string; }' is not assignable to type 'StyleProp<TextStyle>'.
      Type '{ outlineStyle?: "none" | undefined; borderWidth: number; borderColor: string; borderRadius: number; padding: number; marginBottom: number; fontSize: number; backgroundColor: string; }' is not assignable to type 'TextStyle'.
        Types of property 'outlineStyle' are incompatible.
          Type '"none" | undefined' is not assignable to type '"solid" | "dotted" | "dashed" | undefined'.
            Type '"none"' is not assignable to type '"solid" | "dotted" | "dashed" | undefined'.
app/(protected)/(tabs)/finance/budgets.tsx(248,11): error TS2322: Type '{ type: "timing"; duration: number; }' is not assignable to type 'MotiTransitionProp<any> | undefined'.
  Type '{ type: "timing"; duration: number; }' is not assignable to type '({ type: "timing"; } & TimingConfig & { delay?: number | undefined; } & { repeat?: number | undefined; loop?: boolean | undefined; repeatReverse?: boolean | undefined; } & Partial<...>) | DerivedValue<...>'.
    Type '{ type: "timing"; duration: number; }' is not assignable to type '{ type: "timing"; } & TimingConfig & { delay?: number | undefined; } & { repeat?: number | undefined; loop?: boolean | undefined; repeatReverse?: boolean | undefined; } & Partial<...>'.
      Type '{ type: "timing"; duration: number; }' is not assignable to type 'Partial<Record<string | number | symbol, TransitionConfig>>'.
        Property 'type' is incompatible with index signature.
          Type '"timing"' is not assignable to type 'TransitionConfig | undefined'.
app/(protected)/(tabs)/finance/budgets.tsx(265,13): error TS2322: Type '{ type: "timing"; duration: number; }' is not assignable to type 'MotiTransitionProp<any> | undefined'.
  Type '{ type: "timing"; duration: number; }' is not assignable to type '({ type: "timing"; } & TimingConfig & { delay?: number | undefined; } & { repeat?: number | undefined; loop?: boolean | undefined; repeatReverse?: boolean | undefined; } & Partial<...>) | DerivedValue<...>'.
    Type '{ type: "timing"; duration: number; }' is not assignable to type '{ type: "timing"; } & TimingConfig & { delay?: number | undefined; } & { repeat?: number | undefined; loop?: boolean | undefined; repeatReverse?: boolean | undefined; } & Partial<...>'.
      Type '{ type: "timing"; duration: number; }' is not assignable to type 'Partial<Record<string | number | symbol, TransitionConfig>>'.
        Property 'type' is incompatible with index signature.
          Type '"timing"' is not assignable to type 'TransitionConfig | undefined'.
app/(protected)/(tabs)/finance/budgets.tsx(292,15): error TS2769: No overload matches this call.
  Overload 1 of 2, '(props: TextInputProps): TextInput', gave the following error.
    Type '{ outlineStyle?: "none" | undefined; borderWidth: number; borderColor: string; borderRadius: number; padding: number; marginBottom: number; fontSize: number; backgroundColor: string; }' is not assignable to type 'StyleProp<TextStyle>'.
      Type '{ outlineStyle?: "none" | undefined; borderWidth: number; borderColor: string; borderRadius: number; padding: number; marginBottom: number; fontSize: number; backgroundColor: string; }' is not assignable to type 'TextStyle'.
        Types of property 'outlineStyle' are incompatible.
          Type '"none" | undefined' is not assignable to type '"solid" | "dotted" | "dashed" | undefined'.
            Type '"none"' is not assignable to type '"solid" | "dotted" | "dashed" | undefined'.
  Overload 2 of 2, '(props: TextInputProps, context: any): TextInput', gave the following error.
    Type '{ outlineStyle?: "none" | undefined; borderWidth: number; borderColor: string; borderRadius: number; padding: number; marginBottom: number; fontSize: number; backgroundColor: string; }' is not assignable to type 'StyleProp<TextStyle>'.
      Type '{ outlineStyle?: "none" | undefined; borderWidth: number; borderColor: string; borderRadius: number; padding: number; marginBottom: number; fontSize: number; backgroundColor: string; }' is not assignable to type 'TextStyle'.
        Types of property 'outlineStyle' are incompatible.
          Type '"none" | undefined' is not assignable to type '"solid" | "dotted" | "dashed" | undefined'.
            Type '"none"' is not assignable to type '"solid" | "dotted" | "dashed" | undefined'.
app/(protected)/(tabs)/finance/budgets.tsx(314,15): error TS2322: Type '{ type: "timing"; duration: number; delay: number; }' is not assignable to type 'MotiTransitionProp<any> | undefined'.
  Type '{ type: "timing"; duration: number; delay: number; }' is not assignable to type '({ type: "timing"; } & TimingConfig & { delay?: number | undefined; } & { repeat?: number | undefined; loop?: boolean | undefined; repeatReverse?: boolean | undefined; } & Partial<...>) | DerivedValue<...>'.
    Type '{ type: "timing"; duration: number; delay: number; }' is not assignable to type '{ type: "timing"; } & TimingConfig & { delay?: number | undefined; } & { repeat?: number | undefined; loop?: boolean | undefined; repeatReverse?: boolean | undefined; } & Partial<...>'.
      Type '{ type: "timing"; duration: number; delay: number; }' is not assignable to type 'Partial<Record<string | number | symbol, TransitionConfig>>'.
        Property 'type' is incompatible with index signature.
          Type '"timing"' is not assignable to type 'TransitionConfig | undefined'.
app/(protected)/(tabs)/finance/budgets.tsx(357,15): error TS2769: No overload matches this call.
  Overload 1 of 2, '(props: TextInputProps): TextInput', gave the following error.
    Type '{ outlineStyle?: "none" | undefined; borderWidth: number; borderColor: string; borderRadius: number; padding: number; marginBottom: number; fontSize: number; backgroundColor: string; }' is not assignable to type 'StyleProp<TextStyle>'.
      Type '{ outlineStyle?: "none" | undefined; borderWidth: number; borderColor: string; borderRadius: number; padding: number; marginBottom: number; fontSize: number; backgroundColor: string; }' is not assignable to type 'TextStyle'.
        Types of property 'outlineStyle' are incompatible.
          Type '"none" | undefined' is not assignable to type '"solid" | "dotted" | "dashed" | undefined'.
            Type '"none"' is not assignable to type '"solid" | "dotted" | "dashed" | undefined'.
  Overload 2 of 2, '(props: TextInputProps, context: any): TextInput', gave the following error.
    Type '{ outlineStyle?: "none" | undefined; borderWidth: number; borderColor: string; borderRadius: number; padding: number; marginBottom: number; fontSize: number; backgroundColor: string; }' is not assignable to type 'StyleProp<TextStyle>'.
      Type '{ outlineStyle?: "none" | undefined; borderWidth: number; borderColor: string; borderRadius: number; padding: number; marginBottom: number; fontSize: number; backgroundColor: string; }' is not assignable to type 'TextStyle'.
        Types of property 'outlineStyle' are incompatible.
          Type '"none" | undefined' is not assignable to type '"solid" | "dotted" | "dashed" | undefined'.
            Type '"none"' is not assignable to type '"solid" | "dotted" | "dashed" | undefined'.
app/(protected)/(tabs)/finance/categories.tsx(226,11): error TS2322: Type '{ type: "timing"; duration: number; }' is not assignable to type 'MotiTransitionProp<any> | undefined'.
  Type '{ type: "timing"; duration: number; }' is not assignable to type '({ type: "timing"; } & TimingConfig & { delay?: number | undefined; } & { repeat?: number | undefined; loop?: boolean | undefined; repeatReverse?: boolean | undefined; } & Partial<...>) | DerivedValue<...>'.
    Type '{ type: "timing"; duration: number; }' is not assignable to type '{ type: "timing"; } & TimingConfig & { delay?: number | undefined; } & { repeat?: number | undefined; loop?: boolean | undefined; repeatReverse?: boolean | undefined; } & Partial<...>'.
      Type '{ type: "timing"; duration: number; }' is not assignable to type 'Partial<Record<string | number | symbol, TransitionConfig>>'.
        Property 'type' is incompatible with index signature.
          Type '"timing"' is not assignable to type 'TransitionConfig | undefined'.
app/(protected)/(tabs)/finance/categories.tsx(243,13): error TS2322: Type '{ type: "timing"; duration: number; }' is not assignable to type 'MotiTransitionProp<any> | undefined'.
  Type '{ type: "timing"; duration: number; }' is not assignable to type '({ type: "timing"; } & TimingConfig & { delay?: number | undefined; } & { repeat?: number | undefined; loop?: boolean | undefined; repeatReverse?: boolean | undefined; } & Partial<...>) | DerivedValue<...>'.
    Type '{ type: "timing"; duration: number; }' is not assignable to type '{ type: "timing"; } & TimingConfig & { delay?: number | undefined; } & { repeat?: number | undefined; loop?: boolean | undefined; repeatReverse?: boolean | undefined; } & Partial<...>'.
      Type '{ type: "timing"; duration: number; }' is not assignable to type 'Partial<Record<string | number | symbol, TransitionConfig>>'.
        Property 'type' is incompatible with index signature.
          Type '"timing"' is not assignable to type 'TransitionConfig | undefined'.
app/(protected)/(tabs)/finance/categories.tsx(261,15): error TS2769: No overload matches this call.
  Overload 1 of 2, '(props: TextInputProps): TextInput', gave the following error.
    Type '{ outlineStyle?: "none" | undefined; borderWidth: number; borderColor: string; borderRadius: number; padding: number; marginBottom: number; fontSize: number; backgroundColor: string; }' is not assignable to type 'StyleProp<TextStyle>'.
      Type '{ outlineStyle?: "none" | undefined; borderWidth: number; borderColor: string; borderRadius: number; padding: number; marginBottom: number; fontSize: number; backgroundColor: string; }' is not assignable to type 'TextStyle'.
        Types of property 'outlineStyle' are incompatible.
          Type '"none" | undefined' is not assignable to type '"solid" | "dotted" | "dashed" | undefined'.
            Type '"none"' is not assignable to type '"solid" | "dotted" | "dashed" | undefined'.
  Overload 2 of 2, '(props: TextInputProps, context: any): TextInput', gave the following error.
    Type '{ outlineStyle?: "none" | undefined; borderWidth: number; borderColor: string; borderRadius: number; padding: number; marginBottom: number; fontSize: number; backgroundColor: string; }' is not assignable to type 'StyleProp<TextStyle>'.
      Type '{ outlineStyle?: "none" | undefined; borderWidth: number; borderColor: string; borderRadius: number; padding: number; marginBottom: number; fontSize: number; backgroundColor: string; }' is not assignable to type 'TextStyle'.
        Types of property 'outlineStyle' are incompatible.
          Type '"none" | undefined' is not assignable to type '"solid" | "dotted" | "dashed" | undefined'.
            Type '"none"' is not assignable to type '"solid" | "dotted" | "dashed" | undefined'.
app/(protected)/(tabs)/finance/categories.tsx(332,17): error TS2322: Type '{ type: "timing"; duration: number; delay: number; }' is not assignable to type 'MotiTransitionProp<any> | undefined'.
  Type '{ type: "timing"; duration: number; delay: number; }' is not assignable to type '({ type: "timing"; } & TimingConfig & { delay?: number | undefined; } & { repeat?: number | undefined; loop?: boolean | undefined; repeatReverse?: boolean | undefined; } & Partial<...>) | DerivedValue<...>'.
    Type '{ type: "timing"; duration: number; delay: number; }' is not assignable to type '{ type: "timing"; } & TimingConfig & { delay?: number | undefined; } & { repeat?: number | undefined; loop?: boolean | undefined; repeatReverse?: boolean | undefined; } & Partial<...>'.
      Type '{ type: "timing"; duration: number; delay: number; }' is not assignable to type 'Partial<Record<string | number | symbol, TransitionConfig>>'.
        Property 'type' is incompatible with index signature.
          Type '"timing"' is not assignable to type 'TransitionConfig | undefined'.
app/(protected)/(tabs)/finance/categories.tsx(366,17): error TS2322: Type '{ type: "timing"; duration: number; delay: number; }' is not assignable to type 'MotiTransitionProp<any> | undefined'.
  Type '{ type: "timing"; duration: number; delay: number; }' is not assignable to type '({ type: "timing"; } & TimingConfig & { delay?: number | undefined; } & { repeat?: number | undefined; loop?: boolean | undefined; repeatReverse?: boolean | undefined; } & Partial<...>) | DerivedValue<...>'.
    Type '{ type: "timing"; duration: number; delay: number; }' is not assignable to type '{ type: "timing"; } & TimingConfig & { delay?: number | undefined; } & { repeat?: number | undefined; loop?: boolean | undefined; repeatReverse?: boolean | undefined; } & Partial<...>'.
      Type '{ type: "timing"; duration: number; delay: number; }' is not assignable to type 'Partial<Record<string | number | symbol, TransitionConfig>>'.
        Property 'type' is incompatible with index signature.
          Type '"timing"' is not assignable to type 'TransitionConfig | undefined'.
app/(protected)/(tabs)/finance/flujo-efectivo.tsx(283,13): error TS2322: Type '{ type: "timing"; duration: number; }' is not assignable to type 'MotiTransitionProp<any> | undefined'.
  Type '{ type: "timing"; duration: number; }' is not assignable to type '({ type: "timing"; } & TimingConfig & { delay?: number | undefined; } & { repeat?: number | undefined; loop?: boolean | undefined; repeatReverse?: boolean | undefined; } & Partial<...>) | DerivedValue<...>'.
    Type '{ type: "timing"; duration: number; }' is not assignable to type '{ type: "timing"; } & TimingConfig & { delay?: number | undefined; } & { repeat?: number | undefined; loop?: boolean | undefined; repeatReverse?: boolean | undefined; } & Partial<...>'.
      Type '{ type: "timing"; duration: number; }' is not assignable to type 'Partial<Record<string | number | symbol, TransitionConfig>>'.
        Property 'type' is incompatible with index signature.
          Type '"timing"' is not assignable to type 'TransitionConfig | undefined'.
app/(protected)/(tabs)/finance/flujo-efectivo.tsx(297,13): error TS2322: Type '{ type: "timing"; duration: number; delay: number; }' is not assignable to type 'MotiTransitionProp<any> | undefined'.
  Type '{ type: "timing"; duration: number; delay: number; }' is not assignable to type '({ type: "timing"; } & TimingConfig & { delay?: number | undefined; } & { repeat?: number | undefined; loop?: boolean | undefined; repeatReverse?: boolean | undefined; } & Partial<...>) | DerivedValue<...>'.
    Type '{ type: "timing"; duration: number; delay: number; }' is not assignable to type '{ type: "timing"; } & TimingConfig & { delay?: number | undefined; } & { repeat?: number | undefined; loop?: boolean | undefined; repeatReverse?: boolean | undefined; } & Partial<...>'.
      Type '{ type: "timing"; duration: number; delay: number; }' is not assignable to type 'Partial<Record<string | number | symbol, TransitionConfig>>'.
        Property 'type' is incompatible with index signature.
          Type '"timing"' is not assignable to type 'TransitionConfig | undefined'.
app/(protected)/(tabs)/finance/flujo-efectivo.tsx(314,11): error TS2322: Type '{ type: "timing"; duration: number; delay: number; }' is not assignable to type 'MotiTransitionProp<any> | undefined'.
  Type '{ type: "timing"; duration: number; delay: number; }' is not assignable to type '({ type: "timing"; } & TimingConfig & { delay?: number | undefined; } & { repeat?: number | undefined; loop?: boolean | undefined; repeatReverse?: boolean | undefined; } & Partial<...>) | DerivedValue<...>'.
    Type '{ type: "timing"; duration: number; delay: number; }' is not assignable to type '{ type: "timing"; } & TimingConfig & { delay?: number | undefined; } & { repeat?: number | undefined; loop?: boolean | undefined; repeatReverse?: boolean | undefined; } & Partial<...>'.
      Type '{ type: "timing"; duration: number; delay: number; }' is not assignable to type 'Partial<Record<string | number | symbol, TransitionConfig>>'.
        Property 'type' is incompatible with index signature.
          Type '"timing"' is not assignable to type 'TransitionConfig | undefined'.
app/(protected)/(tabs)/finance/flujo-efectivo.tsx(331,11): error TS2322: Type '{ type: "timing"; duration: number; delay: number; }' is not assignable to type 'MotiTransitionProp<any> | undefined'.
  Type '{ type: "timing"; duration: number; delay: number; }' is not assignable to type '({ type: "timing"; } & TimingConfig & { delay?: number | undefined; } & { repeat?: number | undefined; loop?: boolean | undefined; repeatReverse?: boolean | undefined; } & Partial<...>) | DerivedValue<...>'.
    Type '{ type: "timing"; duration: number; delay: number; }' is not assignable to type '{ type: "timing"; } & TimingConfig & { delay?: number | undefined; } & { repeat?: number | undefined; loop?: boolean | undefined; repeatReverse?: boolean | undefined; } & Partial<...>'.
      Type '{ type: "timing"; duration: number; delay: number; }' is not assignable to type 'Partial<Record<string | number | symbol, TransitionConfig>>'.
        Property 'type' is incompatible with index signature.
          Type '"timing"' is not assignable to type 'TransitionConfig | undefined'.
app/(protected)/(tabs)/finance/flujo-efectivo.tsx(351,13): error TS2322: Type '{ type: "timing"; duration: number; }' is not assignable to type 'MotiTransitionProp<any> | undefined'.
  Type '{ type: "timing"; duration: number; }' is not assignable to type '({ type: "timing"; } & TimingConfig & { delay?: number | undefined; } & { repeat?: number | undefined; loop?: boolean | undefined; repeatReverse?: boolean | undefined; } & Partial<...>) | DerivedValue<...>'.
    Type '{ type: "timing"; duration: number; }' is not assignable to type '{ type: "timing"; } & TimingConfig & { delay?: number | undefined; } & { repeat?: number | undefined; loop?: boolean | undefined; repeatReverse?: boolean | undefined; } & Partial<...>'.
      Type '{ type: "timing"; duration: number; }' is not assignable to type 'Partial<Record<string | number | symbol, TransitionConfig>>'.
        Property 'type' is incompatible with index signature.
          Type '"timing"' is not assignable to type 'TransitionConfig | undefined'.
app/(protected)/(tabs)/finance/flujo-efectivo.tsx(410,13): error TS2322: Type '{ type: "timing"; duration: number; }' is not assignable to type 'MotiTransitionProp<any> | undefined'.
  Type '{ type: "timing"; duration: number; }' is not assignable to type '({ type: "timing"; } & TimingConfig & { delay?: number | undefined; } & { repeat?: number | undefined; loop?: boolean | undefined; repeatReverse?: boolean | undefined; } & Partial<...>) | DerivedValue<...>'.
    Type '{ type: "timing"; duration: number; }' is not assignable to type '{ type: "timing"; } & TimingConfig & { delay?: number | undefined; } & { repeat?: number | undefined; loop?: boolean | undefined; repeatReverse?: boolean | undefined; } & Partial<...>'.
      Type '{ type: "timing"; duration: number; }' is not assignable to type 'Partial<Record<string | number | symbol, TransitionConfig>>'.
        Property 'type' is incompatible with index signature.
          Type '"timing"' is not assignable to type 'TransitionConfig | undefined'.
app/(protected)/(tabs)/finance/flujo-efectivo.tsx(454,9): error TS2322: Type '{ type: "spring"; damping: number; delay: number; }' is not assignable to type 'MotiTransitionProp<any> | undefined'.
  Type '{ type: "spring"; damping: number; delay: number; }' is not assignable to type '({ type?: "spring" | undefined; } & { mass?: number | undefined; overshootClamping?: boolean | undefined; energyThreshold?: number | undefined; velocity?: number | undefined; reduceMotion?: ReduceMotion | undefined; } & { ...; } & { ...; } & { ...; } & Partial<...>) | DerivedValue<...>'.
    Type '{ type: "spring"; damping: number; delay: number; }' is not assignable to type '{ type?: "spring" | undefined; } & { mass?: number | undefined; overshootClamping?: boolean | undefined; energyThreshold?: number | undefined; velocity?: number | undefined; reduceMotion?: ReduceMotion | undefined; } & { ...; } & { ...; } & { ...; } & Partial<...>'.
      Type '{ type: "spring"; damping: number; delay: number; }' is not assignable to type 'Partial<Record<string | number | symbol, TransitionConfig>>'.
        Property 'type' is incompatible with index signature.
          Type '"spring"' is not assignable to type 'TransitionConfig | undefined'.
app/(protected)/(tabs)/finance/index.tsx(307,39): error TS2345: Argument of type 'string | null' is not assignable to parameter of type 'string'.
  Type 'null' is not assignable to type 'string'.
app/(protected)/(tabs)/finance/index.tsx(744,13): error TS2322: Type '{ type: "timing"; duration: number; }' is not assignable to type 'MotiTransitionProp<any> | undefined'.
  Type '{ type: "timing"; duration: number; }' is not assignable to type '({ type: "timing"; } & TimingConfig & { delay?: number | undefined; } & { repeat?: number | undefined; loop?: boolean | undefined; repeatReverse?: boolean | undefined; } & Partial<...>) | DerivedValue<...>'.
    Type '{ type: "timing"; duration: number; }' is not assignable to type '{ type: "timing"; } & TimingConfig & { delay?: number | undefined; } & { repeat?: number | undefined; loop?: boolean | undefined; repeatReverse?: boolean | undefined; } & Partial<...>'.
      Type '{ type: "timing"; duration: number; }' is not assignable to type 'Partial<Record<string | number | symbol, TransitionConfig>>'.
        Property 'type' is incompatible with index signature.
          Type '"timing"' is not assignable to type 'TransitionConfig | undefined'.
app/(protected)/(tabs)/finance/index.tsx(766,13): error TS2322: Type '{ type: "timing"; duration: number; delay: number; }' is not assignable to type 'MotiTransitionProp<any> | undefined'.
  Type '{ type: "timing"; duration: number; delay: number; }' is not assignable to type '({ type: "timing"; } & TimingConfig & { delay?: number | undefined; } & { repeat?: number | undefined; loop?: boolean | undefined; repeatReverse?: boolean | undefined; } & Partial<...>) | DerivedValue<...>'.
    Type '{ type: "timing"; duration: number; delay: number; }' is not assignable to type '{ type: "timing"; } & TimingConfig & { delay?: number | undefined; } & { repeat?: number | undefined; loop?: boolean | undefined; repeatReverse?: boolean | undefined; } & Partial<...>'.
      Type '{ type: "timing"; duration: number; delay: number; }' is not assignable to type 'Partial<Record<string | number | symbol, TransitionConfig>>'.
        Property 'type' is incompatible with index signature.
          Type '"timing"' is not assignable to type 'TransitionConfig | undefined'.
app/(protected)/(tabs)/finance/index.tsx(791,19): error TS2322: Type '{ type: "timing"; duration: number; delay: number; }' is not assignable to type 'MotiTransitionProp<any> | undefined'.
  Type '{ type: "timing"; duration: number; delay: number; }' is not assignable to type '({ type: "timing"; } & TimingConfig & { delay?: number | undefined; } & { repeat?: number | undefined; loop?: boolean | undefined; repeatReverse?: boolean | undefined; } & Partial<...>) | DerivedValue<...>'.
    Type '{ type: "timing"; duration: number; delay: number; }' is not assignable to type '{ type: "timing"; } & TimingConfig & { delay?: number | undefined; } & { repeat?: number | undefined; loop?: boolean | undefined; repeatReverse?: boolean | undefined; } & Partial<...>'.
      Type '{ type: "timing"; duration: number; delay: number; }' is not assignable to type 'Partial<Record<string | number | symbol, TransitionConfig>>'.
        Property 'type' is incompatible with index signature.
          Type '"timing"' is not assignable to type 'TransitionConfig | undefined'.
app/(protected)/(tabs)/finance/index.tsx(859,11): error TS2322: Type '{ type: "timing"; duration: number; delay: number; }' is not assignable to type 'MotiTransitionProp<any> | undefined'.
  Type '{ type: "timing"; duration: number; delay: number; }' is not assignable to type '({ type: "timing"; } & TimingConfig & { delay?: number | undefined; } & { repeat?: number | undefined; loop?: boolean | undefined; repeatReverse?: boolean | undefined; } & Partial<...>) | DerivedValue<...>'.
    Type '{ type: "timing"; duration: number; delay: number; }' is not assignable to type '{ type: "timing"; } & TimingConfig & { delay?: number | undefined; } & { repeat?: number | undefined; loop?: boolean | undefined; repeatReverse?: boolean | undefined; } & Partial<...>'.
      Type '{ type: "timing"; duration: number; delay: number; }' is not assignable to type 'Partial<Record<string | number | symbol, TransitionConfig>>'.
        Property 'type' is incompatible with index signature.
          Type '"timing"' is not assignable to type 'TransitionConfig | undefined'.
app/(protected)/(tabs)/finance/index.tsx(875,13): error TS2322: Type '{ type: "timing"; duration: number; delay: number; }' is not assignable to type 'MotiTransitionProp<any> | undefined'.
  Type '{ type: "timing"; duration: number; delay: number; }' is not assignable to type '({ type: "timing"; } & TimingConfig & { delay?: number | undefined; } & { repeat?: number | undefined; loop?: boolean | undefined; repeatReverse?: boolean | undefined; } & Partial<...>) | DerivedValue<...>'.
    Type '{ type: "timing"; duration: number; delay: number; }' is not assignable to type '{ type: "timing"; } & TimingConfig & { delay?: number | undefined; } & { repeat?: number | undefined; loop?: boolean | undefined; repeatReverse?: boolean | undefined; } & Partial<...>'.
      Type '{ type: "timing"; duration: number; delay: number; }' is not assignable to type 'Partial<Record<string | number | symbol, TransitionConfig>>'.
        Property 'type' is incompatible with index signature.
          Type '"timing"' is not assignable to type 'TransitionConfig | undefined'.
app/(protected)/(tabs)/finance/index.tsx(889,13): error TS2322: Type '{ type: "timing"; duration: number; delay: number; }' is not assignable to type 'MotiTransitionProp<any> | undefined'.
  Type '{ type: "timing"; duration: number; delay: number; }' is not assignable to type '({ type: "timing"; } & TimingConfig & { delay?: number | undefined; } & { repeat?: number | undefined; loop?: boolean | undefined; repeatReverse?: boolean | undefined; } & Partial<...>) | DerivedValue<...>'.
    Type '{ type: "timing"; duration: number; delay: number; }' is not assignable to type '{ type: "timing"; } & TimingConfig & { delay?: number | undefined; } & { repeat?: number | undefined; loop?: boolean | undefined; repeatReverse?: boolean | undefined; } & Partial<...>'.
      Type '{ type: "timing"; duration: number; delay: number; }' is not assignable to type 'Partial<Record<string | number | symbol, TransitionConfig>>'.
        Property 'type' is incompatible with index signature.
          Type '"timing"' is not assignable to type 'TransitionConfig | undefined'.
app/(protected)/(tabs)/finance/index.tsx(905,11): error TS2322: Type '{ type: "timing"; duration: number; delay: number; }' is not assignable to type 'MotiTransitionProp<any> | undefined'.
  Type '{ type: "timing"; duration: number; delay: number; }' is not assignable to type '({ type: "timing"; } & TimingConfig & { delay?: number | undefined; } & { repeat?: number | undefined; loop?: boolean | undefined; repeatReverse?: boolean | undefined; } & Partial<...>) | DerivedValue<...>'.
    Type '{ type: "timing"; duration: number; delay: number; }' is not assignable to type '{ type: "timing"; } & TimingConfig & { delay?: number | undefined; } & { repeat?: number | undefined; loop?: boolean | undefined; repeatReverse?: boolean | undefined; } & Partial<...>'.
      Type '{ type: "timing"; duration: number; delay: number; }' is not assignable to type 'Partial<Record<string | number | symbol, TransitionConfig>>'.
        Property 'type' is incompatible with index signature.
          Type '"timing"' is not assignable to type 'TransitionConfig | undefined'.
app/(protected)/(tabs)/finance/index.tsx(920,15): error TS2322: Type '{ type: "timing"; duration: number; delay: number; }' is not assignable to type 'MotiTransitionProp<any> | undefined'.
  Type '{ type: "timing"; duration: number; delay: number; }' is not assignable to type '({ type: "timing"; } & TimingConfig & { delay?: number | undefined; } & { repeat?: number | undefined; loop?: boolean | undefined; repeatReverse?: boolean | undefined; } & Partial<...>) | DerivedValue<...>'.
    Type '{ type: "timing"; duration: number; delay: number; }' is not assignable to type '{ type: "timing"; } & TimingConfig & { delay?: number | undefined; } & { repeat?: number | undefined; loop?: boolean | undefined; repeatReverse?: boolean | undefined; } & Partial<...>'.
      Type '{ type: "timing"; duration: number; delay: number; }' is not assignable to type 'Partial<Record<string | number | symbol, TransitionConfig>>'.
        Property 'type' is incompatible with index signature.
          Type '"timing"' is not assignable to type 'TransitionConfig | undefined'.
app/(protected)/(tabs)/finance/index.tsx(953,11): error TS2322: Type '{ type: "timing"; duration: number; delay: number; }' is not assignable to type 'MotiTransitionProp<any> | undefined'.
  Type '{ type: "timing"; duration: number; delay: number; }' is not assignable to type '({ type: "timing"; } & TimingConfig & { delay?: number | undefined; } & { repeat?: number | undefined; loop?: boolean | undefined; repeatReverse?: boolean | undefined; } & Partial<...>) | DerivedValue<...>'.
    Type '{ type: "timing"; duration: number; delay: number; }' is not assignable to type '{ type: "timing"; } & TimingConfig & { delay?: number | undefined; } & { repeat?: number | undefined; loop?: boolean | undefined; repeatReverse?: boolean | undefined; } & Partial<...>'.
      Type '{ type: "timing"; duration: number; delay: number; }' is not assignable to type 'Partial<Record<string | number | symbol, TransitionConfig>>'.
        Property 'type' is incompatible with index signature.
          Type '"timing"' is not assignable to type 'TransitionConfig | undefined'.
app/(protected)/(tabs)/finance/index.tsx(963,11): error TS2322: Type '{ type: "timing"; duration: number; delay: number; }' is not assignable to type 'MotiTransitionProp<any> | undefined'.
  Type '{ type: "timing"; duration: number; delay: number; }' is not assignable to type '({ type: "timing"; } & TimingConfig & { delay?: number | undefined; } & { repeat?: number | undefined; loop?: boolean | undefined; repeatReverse?: boolean | undefined; } & Partial<...>) | DerivedValue<...>'.
    Type '{ type: "timing"; duration: number; delay: number; }' is not assignable to type '{ type: "timing"; } & TimingConfig & { delay?: number | undefined; } & { repeat?: number | undefined; loop?: boolean | undefined; repeatReverse?: boolean | undefined; } & Partial<...>'.
      Type '{ type: "timing"; duration: number; delay: number; }' is not assignable to type 'Partial<Record<string | number | symbol, TransitionConfig>>'.
        Property 'type' is incompatible with index signature.
          Type '"timing"' is not assignable to type 'TransitionConfig | undefined'.
app/(protected)/(tabs)/finance/index.tsx(973,11): error TS2322: Type '{ type: "timing"; duration: number; delay: number; }' is not assignable to type 'MotiTransitionProp<any> | undefined'.
  Type '{ type: "timing"; duration: number; delay: number; }' is not assignable to type '({ type: "timing"; } & TimingConfig & { delay?: number | undefined; } & { repeat?: number | undefined; loop?: boolean | undefined; repeatReverse?: boolean | undefined; } & Partial<...>) | DerivedValue<...>'.
    Type '{ type: "timing"; duration: number; delay: number; }' is not assignable to type '{ type: "timing"; } & TimingConfig & { delay?: number | undefined; } & { repeat?: number | undefined; loop?: boolean | undefined; repeatReverse?: boolean | undefined; } & Partial<...>'.
      Type '{ type: "timing"; duration: number; delay: number; }' is not assignable to type 'Partial<Record<string | number | symbol, TransitionConfig>>'.
        Property 'type' is incompatible with index signature.
          Type '"timing"' is not assignable to type 'TransitionConfig | undefined'.
app/(protected)/(tabs)/finance/index.tsx(983,11): error TS2322: Type '{ type: "timing"; duration: number; delay: number; }' is not assignable to type 'MotiTransitionProp<any> | undefined'.
  Type '{ type: "timing"; duration: number; delay: number; }' is not assignable to type '({ type: "timing"; } & TimingConfig & { delay?: number | undefined; } & { repeat?: number | undefined; loop?: boolean | undefined; repeatReverse?: boolean | undefined; } & Partial<...>) | DerivedValue<...>'.
    Type '{ type: "timing"; duration: number; delay: number; }' is not assignable to type '{ type: "timing"; } & TimingConfig & { delay?: number | undefined; } & { repeat?: number | undefined; loop?: boolean | undefined; repeatReverse?: boolean | undefined; } & Partial<...>'.
      Type '{ type: "timing"; duration: number; delay: number; }' is not assignable to type 'Partial<Record<string | number | symbol, TransitionConfig>>'.
        Property 'type' is incompatible with index signature.
          Type '"timing"' is not assignable to type 'TransitionConfig | undefined'.
app/(protected)/(tabs)/finance/index.tsx(1054,11): error TS2322: Type '{ type: "timing"; duration: number; delay: number; }' is not assignable to type 'MotiTransitionProp<any> | undefined'.
  Type '{ type: "timing"; duration: number; delay: number; }' is not assignable to type '({ type: "timing"; } & TimingConfig & { delay?: number | undefined; } & { repeat?: number | undefined; loop?: boolean | undefined; repeatReverse?: boolean | undefined; } & Partial<...>) | DerivedValue<...>'.
    Type '{ type: "timing"; duration: number; delay: number; }' is not assignable to type '{ type: "timing"; } & TimingConfig & { delay?: number | undefined; } & { repeat?: number | undefined; loop?: boolean | undefined; repeatReverse?: boolean | undefined; } & Partial<...>'.
      Type '{ type: "timing"; duration: number; delay: number; }' is not assignable to type 'Partial<Record<string | number | symbol, TransitionConfig>>'.
        Property 'type' is incompatible with index signature.
          Type '"timing"' is not assignable to type 'TransitionConfig | undefined'.
app/(protected)/(tabs)/finance/index.tsx(1137,19): error TS2322: Type '{ type: "timing"; duration: number; delay: number; }' is not assignable to type 'MotiTransitionProp<any> | undefined'.
  Type '{ type: "timing"; duration: number; delay: number; }' is not assignable to type '({ type: "timing"; } & TimingConfig & { delay?: number | undefined; } & { repeat?: number | undefined; loop?: boolean | undefined; repeatReverse?: boolean | undefined; } & Partial<...>) | DerivedValue<...>'.
    Type '{ type: "timing"; duration: number; delay: number; }' is not assignable to type '{ type: "timing"; } & TimingConfig & { delay?: number | undefined; } & { repeat?: number | undefined; loop?: boolean | undefined; repeatReverse?: boolean | undefined; } & Partial<...>'.
      Type '{ type: "timing"; duration: number; delay: number; }' is not assignable to type 'Partial<Record<string | number | symbol, TransitionConfig>>'.
        Property 'type' is incompatible with index signature.
          Type '"timing"' is not assignable to type 'TransitionConfig | undefined'.
app/(protected)/(tabs)/finance/index.tsx(1195,15): error TS2322: Type '{ type: "timing"; duration: number; delay: number; }' is not assignable to type 'MotiTransitionProp<any> | undefined'.
  Type '{ type: "timing"; duration: number; delay: number; }' is not assignable to type '({ type: "timing"; } & TimingConfig & { delay?: number | undefined; } & { repeat?: number | undefined; loop?: boolean | undefined; repeatReverse?: boolean | undefined; } & Partial<...>) | DerivedValue<...>'.
    Type '{ type: "timing"; duration: number; delay: number; }' is not assignable to type '{ type: "timing"; } & TimingConfig & { delay?: number | undefined; } & { repeat?: number | undefined; loop?: boolean | undefined; repeatReverse?: boolean | undefined; } & Partial<...>'.
      Type '{ type: "timing"; duration: number; delay: number; }' is not assignable to type 'Partial<Record<string | number | symbol, TransitionConfig>>'.
        Property 'type' is incompatible with index signature.
          Type '"timing"' is not assignable to type 'TransitionConfig | undefined'.
app/(protected)/(tabs)/finance/index.tsx(1209,9): error TS2322: Type '{ type: "spring"; damping: number; delay: number; }' is not assignable to type 'MotiTransitionProp<any> | undefined'.
  Type '{ type: "spring"; damping: number; delay: number; }' is not assignable to type '({ type?: "spring" | undefined; } & { mass?: number | undefined; overshootClamping?: boolean | undefined; energyThreshold?: number | undefined; velocity?: number | undefined; reduceMotion?: ReduceMotion | undefined; } & { ...; } & { ...; } & { ...; } & Partial<...>) | DerivedValue<...>'.
    Type '{ type: "spring"; damping: number; delay: number; }' is not assignable to type '{ type?: "spring" | undefined; } & { mass?: number | undefined; overshootClamping?: boolean | undefined; energyThreshold?: number | undefined; velocity?: number | undefined; reduceMotion?: ReduceMotion | undefined; } & { ...; } & { ...; } & { ...; } & Partial<...>'.
      Type '{ type: "spring"; damping: number; delay: number; }' is not assignable to type 'Partial<Record<string | number | symbol, TransitionConfig>>'.
        Property 'type' is incompatible with index signature.
          Type '"spring"' is not assignable to type 'TransitionConfig | undefined'.
app/(protected)/(tabs)/finance/net-worth.tsx(162,11): error TS2322: Type '{ type: "timing"; duration: number; }' is not assignable to type 'MotiTransitionProp<any> | undefined'.
  Type '{ type: "timing"; duration: number; }' is not assignable to type '({ type: "timing"; } & TimingConfig & { delay?: number | undefined; } & { repeat?: number | undefined; loop?: boolean | undefined; repeatReverse?: boolean | undefined; } & Partial<...>) | DerivedValue<...>'.
    Type '{ type: "timing"; duration: number; }' is not assignable to type '{ type: "timing"; } & TimingConfig & { delay?: number | undefined; } & { repeat?: number | undefined; loop?: boolean | undefined; repeatReverse?: boolean | undefined; } & Partial<...>'.
      Type '{ type: "timing"; duration: number; }' is not assignable to type 'Partial<Record<string | number | symbol, TransitionConfig>>'.
        Property 'type' is incompatible with index signature.
          Type '"timing"' is not assignable to type 'TransitionConfig | undefined'.
app/(protected)/(tabs)/finance/net-worth.tsx(179,13): error TS2322: Type '{ type: "timing"; duration: number; }' is not assignable to type 'MotiTransitionProp<any> | undefined'.
  Type '{ type: "timing"; duration: number; }' is not assignable to type '({ type: "timing"; } & TimingConfig & { delay?: number | undefined; } & { repeat?: number | undefined; loop?: boolean | undefined; repeatReverse?: boolean | undefined; } & Partial<...>) | DerivedValue<...>'.
    Type '{ type: "timing"; duration: number; }' is not assignable to type '{ type: "timing"; } & TimingConfig & { delay?: number | undefined; } & { repeat?: number | undefined; loop?: boolean | undefined; repeatReverse?: boolean | undefined; } & Partial<...>'.
      Type '{ type: "timing"; duration: number; }' is not assignable to type 'Partial<Record<string | number | symbol, TransitionConfig>>'.
        Property 'type' is incompatible with index signature.
          Type '"timing"' is not assignable to type 'TransitionConfig | undefined'.
app/(protected)/(tabs)/finance/net-worth.tsx(184,15): error TS2769: No overload matches this call.
  Overload 1 of 2, '(props: TextInputProps): TextInput', gave the following error.
    Type '{ outlineStyle?: "none" | undefined; borderWidth: number; borderColor: string; borderRadius: number; padding: number; marginBottom: number; fontSize: number; backgroundColor: string; }' is not assignable to type 'StyleProp<TextStyle>'.
      Type '{ outlineStyle?: "none" | undefined; borderWidth: number; borderColor: string; borderRadius: number; padding: number; marginBottom: number; fontSize: number; backgroundColor: string; }' is not assignable to type 'TextStyle'.
        Types of property 'outlineStyle' are incompatible.
          Type '"none" | undefined' is not assignable to type '"solid" | "dotted" | "dashed" | undefined'.
            Type '"none"' is not assignable to type '"solid" | "dotted" | "dashed" | undefined'.
  Overload 2 of 2, '(props: TextInputProps, context: any): TextInput', gave the following error.
    Type '{ outlineStyle?: "none" | undefined; borderWidth: number; borderColor: string; borderRadius: number; padding: number; marginBottom: number; fontSize: number; backgroundColor: string; }' is not assignable to type 'StyleProp<TextStyle>'.
      Type '{ outlineStyle?: "none" | undefined; borderWidth: number; borderColor: string; borderRadius: number; padding: number; marginBottom: number; fontSize: number; backgroundColor: string; }' is not assignable to type 'TextStyle'.
        Types of property 'outlineStyle' are incompatible.
          Type '"none" | undefined' is not assignable to type '"solid" | "dotted" | "dashed" | undefined'.
            Type '"none"' is not assignable to type '"solid" | "dotted" | "dashed" | undefined'.
app/(protected)/(tabs)/finance/net-worth.tsx(193,15): error TS2769: No overload matches this call.
  Overload 1 of 2, '(props: TextInputProps): TextInput', gave the following error.
    Type '{ outlineStyle?: "none" | undefined; borderWidth: number; borderColor: string; borderRadius: number; padding: number; marginBottom: number; fontSize: number; backgroundColor: string; }' is not assignable to type 'StyleProp<TextStyle>'.
      Type '{ outlineStyle?: "none" | undefined; borderWidth: number; borderColor: string; borderRadius: number; padding: number; marginBottom: number; fontSize: number; backgroundColor: string; }' is not assignable to type 'TextStyle'.
        Types of property 'outlineStyle' are incompatible.
          Type '"none" | undefined' is not assignable to type '"solid" | "dotted" | "dashed" | undefined'.
            Type '"none"' is not assignable to type '"solid" | "dotted" | "dashed" | undefined'.
  Overload 2 of 2, '(props: TextInputProps, context: any): TextInput', gave the following error.
    Type '{ outlineStyle?: "none" | undefined; borderWidth: number; borderColor: string; borderRadius: number; padding: number; marginBottom: number; fontSize: number; backgroundColor: string; }' is not assignable to type 'StyleProp<TextStyle>'.
      Type '{ outlineStyle?: "none" | undefined; borderWidth: number; borderColor: string; borderRadius: number; padding: number; marginBottom: number; fontSize: number; backgroundColor: string; }' is not assignable to type 'TextStyle'.
        Types of property 'outlineStyle' are incompatible.
          Type '"none" | undefined' is not assignable to type '"solid" | "dotted" | "dashed" | undefined'.
            Type '"none"' is not assignable to type '"solid" | "dotted" | "dashed" | undefined'.
app/(protected)/(tabs)/finance/net-worth.tsx(221,13): error TS2322: Type '{ type: "timing"; duration: number; }' is not assignable to type 'MotiTransitionProp<any> | undefined'.
  Type '{ type: "timing"; duration: number; }' is not assignable to type '({ type: "timing"; } & TimingConfig & { delay?: number | undefined; } & { repeat?: number | undefined; loop?: boolean | undefined; repeatReverse?: boolean | undefined; } & Partial<...>) | DerivedValue<...>'.
    Type '{ type: "timing"; duration: number; }' is not assignable to type '{ type: "timing"; } & TimingConfig & { delay?: number | undefined; } & { repeat?: number | undefined; loop?: boolean | undefined; repeatReverse?: boolean | undefined; } & Partial<...>'.
      Type '{ type: "timing"; duration: number; }' is not assignable to type 'Partial<Record<string | number | symbol, TransitionConfig>>'.
        Property 'type' is incompatible with index signature.
          Type '"timing"' is not assignable to type 'TransitionConfig | undefined'.
app/(protected)/(tabs)/finance/net-worth.tsx(253,9): error TS2322: Type '{ type: "spring"; damping: number; delay: number; }' is not assignable to type 'MotiTransitionProp<any> | undefined'.
  Type '{ type: "spring"; damping: number; delay: number; }' is not assignable to type '({ type?: "spring" | undefined; } & { mass?: number | undefined; overshootClamping?: boolean | undefined; energyThreshold?: number | undefined; velocity?: number | undefined; reduceMotion?: ReduceMotion | undefined; } & { ...; } & { ...; } & { ...; } & Partial<...>) | DerivedValue<...>'.
    Type '{ type: "spring"; damping: number; delay: number; }' is not assignable to type '{ type?: "spring" | undefined; } & { mass?: number | undefined; overshootClamping?: boolean | undefined; energyThreshold?: number | undefined; velocity?: number | undefined; reduceMotion?: ReduceMotion | undefined; } & { ...; } & { ...; } & { ...; } & Partial<...>'.
      Type '{ type: "spring"; damping: number; delay: number; }' is not assignable to type 'Partial<Record<string | number | symbol, TransitionConfig>>'.
        Property 'type' is incompatible with index signature.
          Type '"spring"' is not assignable to type 'TransitionConfig | undefined'.
app/(protected)/(tabs)/finance/net-worth.tsx(272,15): error TS2769: No overload matches this call.
  Overload 1 of 2, '(props: TextInputProps): TextInput', gave the following error.
    Type '{ outlineStyle?: "none" | undefined; borderWidth: number; borderColor: string; borderRadius: number; padding: number; marginBottom: number; fontSize: number; backgroundColor: string; }' is not assignable to type 'StyleProp<TextStyle>'.
      Type '{ outlineStyle?: "none" | undefined; borderWidth: number; borderColor: string; borderRadius: number; padding: number; marginBottom: number; fontSize: number; backgroundColor: string; }' is not assignable to type 'TextStyle'.
        Types of property 'outlineStyle' are incompatible.
          Type '"none" | undefined' is not assignable to type '"solid" | "dotted" | "dashed" | undefined'.
            Type '"none"' is not assignable to type '"solid" | "dotted" | "dashed" | undefined'.
  Overload 2 of 2, '(props: TextInputProps, context: any): TextInput', gave the following error.
    Type '{ outlineStyle?: "none" | undefined; borderWidth: number; borderColor: string; borderRadius: number; padding: number; marginBottom: number; fontSize: number; backgroundColor: string; }' is not assignable to type 'StyleProp<TextStyle>'.
      Type '{ outlineStyle?: "none" | undefined; borderWidth: number; borderColor: string; borderRadius: number; padding: number; marginBottom: number; fontSize: number; backgroundColor: string; }' is not assignable to type 'TextStyle'.
        Types of property 'outlineStyle' are incompatible.
          Type '"none" | undefined' is not assignable to type '"solid" | "dotted" | "dashed" | undefined'.
            Type '"none"' is not assignable to type '"solid" | "dotted" | "dashed" | undefined'.
app/(protected)/(tabs)/finance/net-worth.tsx(281,15): error TS2769: No overload matches this call.
  Overload 1 of 2, '(props: TextInputProps): TextInput', gave the following error.
    Type '{ outlineStyle?: "none" | undefined; borderWidth: number; borderColor: string; borderRadius: number; padding: number; marginBottom: number; fontSize: number; backgroundColor: string; }' is not assignable to type 'StyleProp<TextStyle>'.
      Type '{ outlineStyle?: "none" | undefined; borderWidth: number; borderColor: string; borderRadius: number; padding: number; marginBottom: number; fontSize: number; backgroundColor: string; }' is not assignable to type 'TextStyle'.
        Types of property 'outlineStyle' are incompatible.
          Type '"none" | undefined' is not assignable to type '"solid" | "dotted" | "dashed" | undefined'.
            Type '"none"' is not assignable to type '"solid" | "dotted" | "dashed" | undefined'.
  Overload 2 of 2, '(props: TextInputProps, context: any): TextInput', gave the following error.
    Type '{ outlineStyle?: "none" | undefined; borderWidth: number; borderColor: string; borderRadius: number; padding: number; marginBottom: number; fontSize: number; backgroundColor: string; }' is not assignable to type 'StyleProp<TextStyle>'.
      Type '{ outlineStyle?: "none" | undefined; borderWidth: number; borderColor: string; borderRadius: number; padding: number; marginBottom: number; fontSize: number; backgroundColor: string; }' is not assignable to type 'TextStyle'.
        Types of property 'outlineStyle' are incompatible.
          Type '"none" | undefined' is not assignable to type '"solid" | "dotted" | "dashed" | undefined'.
            Type '"none"' is not assignable to type '"solid" | "dotted" | "dashed" | undefined'.
app/(protected)/(tabs)/finance/presupuesto-seguro-estilo.tsx(245,13): error TS2322: Type '{ type: "timing"; duration: number; }' is not assignable to type 'MotiTransitionProp<any> | undefined'.
  Type '{ type: "timing"; duration: number; }' is not assignable to type '({ type: "timing"; } & TimingConfig & { delay?: number | undefined; } & { repeat?: number | undefined; loop?: boolean | undefined; repeatReverse?: boolean | undefined; } & Partial<...>) | DerivedValue<...>'.
    Type '{ type: "timing"; duration: number; }' is not assignable to type '{ type: "timing"; } & TimingConfig & { delay?: number | undefined; } & { repeat?: number | undefined; loop?: boolean | undefined; repeatReverse?: boolean | undefined; } & Partial<...>'.
      Type '{ type: "timing"; duration: number; }' is not assignable to type 'Partial<Record<string | number | symbol, TransitionConfig>>'.
        Property 'type' is incompatible with index signature.
          Type '"timing"' is not assignable to type 'TransitionConfig | undefined'.
app/(protected)/(tabs)/finance/presupuesto-seguro-estilo.tsx(259,13): error TS2322: Type '{ type: "timing"; duration: number; delay: number; }' is not assignable to type 'MotiTransitionProp<any> | undefined'.
  Type '{ type: "timing"; duration: number; delay: number; }' is not assignable to type '({ type: "timing"; } & TimingConfig & { delay?: number | undefined; } & { repeat?: number | undefined; loop?: boolean | undefined; repeatReverse?: boolean | undefined; } & Partial<...>) | DerivedValue<...>'.
    Type '{ type: "timing"; duration: number; delay: number; }' is not assignable to type '{ type: "timing"; } & TimingConfig & { delay?: number | undefined; } & { repeat?: number | undefined; loop?: boolean | undefined; repeatReverse?: boolean | undefined; } & Partial<...>'.
      Type '{ type: "timing"; duration: number; delay: number; }' is not assignable to type 'Partial<Record<string | number | symbol, TransitionConfig>>'.
        Property 'type' is incompatible with index signature.
          Type '"timing"' is not assignable to type 'TransitionConfig | undefined'.
app/(protected)/(tabs)/finance/presupuesto-seguro-estilo.tsx(275,11): error TS2322: Type '{ type: "timing"; duration: number; delay: number; }' is not assignable to type 'MotiTransitionProp<any> | undefined'.
  Type '{ type: "timing"; duration: number; delay: number; }' is not assignable to type '({ type: "timing"; } & TimingConfig & { delay?: number | undefined; } & { repeat?: number | undefined; loop?: boolean | undefined; repeatReverse?: boolean | undefined; } & Partial<...>) | DerivedValue<...>'.
    Type '{ type: "timing"; duration: number; delay: number; }' is not assignable to type '{ type: "timing"; } & TimingConfig & { delay?: number | undefined; } & { repeat?: number | undefined; loop?: boolean | undefined; repeatReverse?: boolean | undefined; } & Partial<...>'.
      Type '{ type: "timing"; duration: number; delay: number; }' is not assignable to type 'Partial<Record<string | number | symbol, TransitionConfig>>'.
        Property 'type' is incompatible with index signature.
          Type '"timing"' is not assignable to type 'TransitionConfig | undefined'.
app/(protected)/(tabs)/finance/presupuesto-seguro-estilo.tsx(295,13): error TS2322: Type '{ type: "timing"; duration: number; }' is not assignable to type 'MotiTransitionProp<any> | undefined'.
  Type '{ type: "timing"; duration: number; }' is not assignable to type '({ type: "timing"; } & TimingConfig & { delay?: number | undefined; } & { repeat?: number | undefined; loop?: boolean | undefined; repeatReverse?: boolean | undefined; } & Partial<...>) | DerivedValue<...>'.
    Type '{ type: "timing"; duration: number; }' is not assignable to type '{ type: "timing"; } & TimingConfig & { delay?: number | undefined; } & { repeat?: number | undefined; loop?: boolean | undefined; repeatReverse?: boolean | undefined; } & Partial<...>'.
      Type '{ type: "timing"; duration: number; }' is not assignable to type 'Partial<Record<string | number | symbol, TransitionConfig>>'.
        Property 'type' is incompatible with index signature.
          Type '"timing"' is not assignable to type 'TransitionConfig | undefined'.
app/(protected)/(tabs)/finance/presupuesto-seguro-estilo.tsx(357,15): error TS2769: No overload matches this call.
  Overload 1 of 2, '(props: TextInputProps): TextInput', gave the following error.
    Type '{ outlineStyle?: "none" | undefined; borderWidth: number; borderColor: string; borderRadius: number; padding: number; marginBottom: number; fontSize: number; backgroundColor: string; }' is not assignable to type 'StyleProp<TextStyle>'.
      Type '{ outlineStyle?: "none" | undefined; borderWidth: number; borderColor: string; borderRadius: number; padding: number; marginBottom: number; fontSize: number; backgroundColor: string; }' is not assignable to type 'TextStyle'.
        Types of property 'outlineStyle' are incompatible.
          Type '"none" | undefined' is not assignable to type '"solid" | "dotted" | "dashed" | undefined'.
            Type '"none"' is not assignable to type '"solid" | "dotted" | "dashed" | undefined'.
  Overload 2 of 2, '(props: TextInputProps, context: any): TextInput', gave the following error.
    Type '{ outlineStyle?: "none" | undefined; borderWidth: number; borderColor: string; borderRadius: number; padding: number; marginBottom: number; fontSize: number; backgroundColor: string; }' is not assignable to type 'StyleProp<TextStyle>'.
      Type '{ outlineStyle?: "none" | undefined; borderWidth: number; borderColor: string; borderRadius: number; padding: number; marginBottom: number; fontSize: number; backgroundColor: string; }' is not assignable to type 'TextStyle'.
        Types of property 'outlineStyle' are incompatible.
          Type '"none" | undefined' is not assignable to type '"solid" | "dotted" | "dashed" | undefined'.
            Type '"none"' is not assignable to type '"solid" | "dotted" | "dashed" | undefined'.
app/(protected)/(tabs)/finance/presupuesto-seguro-estilo.tsx(368,23): error TS2769: No overload matches this call.
  Overload 1 of 2, '(props: TextInputProps): TextInput', gave the following error.
    Type '{ outlineStyle?: "none" | undefined; borderWidth: number; borderColor: string; borderRadius: number; padding: number; marginBottom: number; fontSize: number; backgroundColor: string; }' is not assignable to type 'TextStyle | Falsy | RegisteredStyle<TextStyle> | RecursiveArray<TextStyle | Falsy | RegisteredStyle<TextStyle>> | readonly (TextStyle | ... 1 more ... | RegisteredStyle<...>)[]'.
      Type '{ outlineStyle?: "none" | undefined; borderWidth: number; borderColor: string; borderRadius: number; padding: number; marginBottom: number; fontSize: number; backgroundColor: string; }' is not assignable to type 'TextStyle'.
        Types of property 'outlineStyle' are incompatible.
          Type '"none" | undefined' is not assignable to type '"solid" | "dotted" | "dashed" | undefined'.
            Type '"none"' is not assignable to type '"solid" | "dotted" | "dashed" | undefined'.
  Overload 2 of 2, '(props: TextInputProps, context: any): TextInput', gave the following error.
    Type '{ outlineStyle?: "none" | undefined; borderWidth: number; borderColor: string; borderRadius: number; padding: number; marginBottom: number; fontSize: number; backgroundColor: string; }' is not assignable to type 'TextStyle | Falsy | RegisteredStyle<TextStyle> | RecursiveArray<TextStyle | Falsy | RegisteredStyle<TextStyle>> | readonly (TextStyle | ... 1 more ... | RegisteredStyle<...>)[]'.
      Type '{ outlineStyle?: "none" | undefined; borderWidth: number; borderColor: string; borderRadius: number; padding: number; marginBottom: number; fontSize: number; backgroundColor: string; }' is not assignable to type 'TextStyle'.
        Types of property 'outlineStyle' are incompatible.
          Type '"none" | undefined' is not assignable to type '"solid" | "dotted" | "dashed" | undefined'.
            Type '"none"' is not assignable to type '"solid" | "dotted" | "dashed" | undefined'.
app/(protected)/(tabs)/finance/presupuesto-seguro-estilo.tsx(398,13): error TS2322: Type '{ type: "timing"; duration: number; }' is not assignable to type 'MotiTransitionProp<any> | undefined'.
  Type '{ type: "timing"; duration: number; }' is not assignable to type '({ type: "timing"; } & TimingConfig & { delay?: number | undefined; } & { repeat?: number | undefined; loop?: boolean | undefined; repeatReverse?: boolean | undefined; } & Partial<...>) | DerivedValue<...>'.
    Type '{ type: "timing"; duration: number; }' is not assignable to type '{ type: "timing"; } & TimingConfig & { delay?: number | undefined; } & { repeat?: number | undefined; loop?: boolean | undefined; repeatReverse?: boolean | undefined; } & Partial<...>'.
      Type '{ type: "timing"; duration: number; }' is not assignable to type 'Partial<Record<string | number | symbol, TransitionConfig>>'.
        Property 'type' is incompatible with index signature.
          Type '"timing"' is not assignable to type 'TransitionConfig | undefined'.
app/(protected)/(tabs)/finance/presupuesto-seguro-estilo.tsx(439,9): error TS2322: Type '{ type: "spring"; damping: number; delay: number; }' is not assignable to type 'MotiTransitionProp<any> | undefined'.
  Type '{ type: "spring"; damping: number; delay: number; }' is not assignable to type '({ type?: "spring" | undefined; } & { mass?: number | undefined; overshootClamping?: boolean | undefined; energyThreshold?: number | undefined; velocity?: number | undefined; reduceMotion?: ReduceMotion | undefined; } & { ...; } & { ...; } & { ...; } & Partial<...>) | DerivedValue<...>'.
    Type '{ type: "spring"; damping: number; delay: number; }' is not assignable to type '{ type?: "spring" | undefined; } & { mass?: number | undefined; overshootClamping?: boolean | undefined; energyThreshold?: number | undefined; velocity?: number | undefined; reduceMotion?: ReduceMotion | undefined; } & { ...; } & { ...; } & { ...; } & Partial<...>'.
      Type '{ type: "spring"; damping: number; delay: number; }' is not assignable to type 'Partial<Record<string | number | symbol, TransitionConfig>>'.
        Property 'type' is incompatible with index signature.
          Type '"spring"' is not assignable to type 'TransitionConfig | undefined'.
app/(protected)/(tabs)/finance/presupuesto-seguro-estilo.tsx(521,15): error TS2769: No overload matches this call.
  Overload 1 of 2, '(props: TextInputProps): TextInput', gave the following error.
    Type '{ outlineStyle?: "none" | undefined; borderWidth: number; borderColor: string; borderRadius: number; padding: number; marginBottom: number; fontSize: number; backgroundColor: string; }' is not assignable to type 'StyleProp<TextStyle>'.
      Type '{ outlineStyle?: "none" | undefined; borderWidth: number; borderColor: string; borderRadius: number; padding: number; marginBottom: number; fontSize: number; backgroundColor: string; }' is not assignable to type 'TextStyle'.
        Types of property 'outlineStyle' are incompatible.
          Type '"none" | undefined' is not assignable to type '"solid" | "dotted" | "dashed" | undefined'.
            Type '"none"' is not assignable to type '"solid" | "dotted" | "dashed" | undefined'.
  Overload 2 of 2, '(props: TextInputProps, context: any): TextInput', gave the following error.
    Type '{ outlineStyle?: "none" | undefined; borderWidth: number; borderColor: string; borderRadius: number; padding: number; marginBottom: number; fontSize: number; backgroundColor: string; }' is not assignable to type 'StyleProp<TextStyle>'.
      Type '{ outlineStyle?: "none" | undefined; borderWidth: number; borderColor: string; borderRadius: number; padding: number; marginBottom: number; fontSize: number; backgroundColor: string; }' is not assignable to type 'TextStyle'.
        Types of property 'outlineStyle' are incompatible.
          Type '"none" | undefined' is not assignable to type '"solid" | "dotted" | "dashed" | undefined'.
            Type '"none"' is not assignable to type '"solid" | "dotted" | "dashed" | undefined'.
app/(protected)/(tabs)/finance/presupuesto-seguro-estilo.tsx(532,23): error TS2769: No overload matches this call.
  Overload 1 of 2, '(props: TextInputProps): TextInput', gave the following error.
    Type '{ outlineStyle?: "none" | undefined; borderWidth: number; borderColor: string; borderRadius: number; padding: number; marginBottom: number; fontSize: number; backgroundColor: string; }' is not assignable to type 'TextStyle | Falsy | RegisteredStyle<TextStyle> | RecursiveArray<TextStyle | Falsy | RegisteredStyle<TextStyle>> | readonly (TextStyle | ... 1 more ... | RegisteredStyle<...>)[]'.
      Type '{ outlineStyle?: "none" | undefined; borderWidth: number; borderColor: string; borderRadius: number; padding: number; marginBottom: number; fontSize: number; backgroundColor: string; }' is not assignable to type 'TextStyle'.
        Types of property 'outlineStyle' are incompatible.
          Type '"none" | undefined' is not assignable to type '"solid" | "dotted" | "dashed" | undefined'.
            Type '"none"' is not assignable to type '"solid" | "dotted" | "dashed" | undefined'.
  Overload 2 of 2, '(props: TextInputProps, context: any): TextInput', gave the following error.
    Type '{ outlineStyle?: "none" | undefined; borderWidth: number; borderColor: string; borderRadius: number; padding: number; marginBottom: number; fontSize: number; backgroundColor: string; }' is not assignable to type 'TextStyle | Falsy | RegisteredStyle<TextStyle> | RecursiveArray<TextStyle | Falsy | RegisteredStyle<TextStyle>> | readonly (TextStyle | ... 1 more ... | RegisteredStyle<...>)[]'.
      Type '{ outlineStyle?: "none" | undefined; borderWidth: number; borderColor: string; borderRadius: number; padding: number; marginBottom: number; fontSize: number; backgroundColor: string; }' is not assignable to type 'TextStyle'.
        Types of property 'outlineStyle' are incompatible.
          Type '"none" | undefined' is not assignable to type '"solid" | "dotted" | "dashed" | undefined'.
            Type '"none"' is not assignable to type '"solid" | "dotted" | "dashed" | undefined'.
app/(protected)/(tabs)/finance/transactions.tsx(554,11): error TS2322: Type '{ type: "timing"; duration: number; }' is not assignable to type 'MotiTransitionProp<any> | undefined'.
  Type '{ type: "timing"; duration: number; }' is not assignable to type '({ type: "timing"; } & TimingConfig & { delay?: number | undefined; } & { repeat?: number | undefined; loop?: boolean | undefined; repeatReverse?: boolean | undefined; } & Partial<...>) | DerivedValue<...>'.
    Type '{ type: "timing"; duration: number; }' is not assignable to type '{ type: "timing"; } & TimingConfig & { delay?: number | undefined; } & { repeat?: number | undefined; loop?: boolean | undefined; repeatReverse?: boolean | undefined; } & Partial<...>'.
      Type '{ type: "timing"; duration: number; }' is not assignable to type 'Partial<Record<string | number | symbol, TransitionConfig>>'.
        Property 'type' is incompatible with index signature.
          Type '"timing"' is not assignable to type 'TransitionConfig | undefined'.
app/(protected)/(tabs)/finance/transactions.tsx(767,21): error TS2769: No overload matches this call.
  Overload 1 of 2, '(props: TextInputProps): TextInput', gave the following error.
    Type '{ outlineStyle?: "none" | undefined; borderWidth: number; borderColor: string; borderRadius: number; padding: number; marginBottom: number; fontSize: number; backgroundColor: string; }' is not assignable to type 'StyleProp<TextStyle>'.
      Type '{ outlineStyle?: "none" | undefined; borderWidth: number; borderColor: string; borderRadius: number; padding: number; marginBottom: number; fontSize: number; backgroundColor: string; }' is not assignable to type 'TextStyle'.
        Types of property 'outlineStyle' are incompatible.
          Type '"none" | undefined' is not assignable to type '"solid" | "dotted" | "dashed" | undefined'.
            Type '"none"' is not assignable to type '"solid" | "dotted" | "dashed" | undefined'.
  Overload 2 of 2, '(props: TextInputProps, context: any): TextInput', gave the following error.
    Type '{ outlineStyle?: "none" | undefined; borderWidth: number; borderColor: string; borderRadius: number; padding: number; marginBottom: number; fontSize: number; backgroundColor: string; }' is not assignable to type 'StyleProp<TextStyle>'.
      Type '{ outlineStyle?: "none" | undefined; borderWidth: number; borderColor: string; borderRadius: number; padding: number; marginBottom: number; fontSize: number; backgroundColor: string; }' is not assignable to type 'TextStyle'.
        Types of property 'outlineStyle' are incompatible.
          Type '"none" | undefined' is not assignable to type '"solid" | "dotted" | "dashed" | undefined'.
            Type '"none"' is not assignable to type '"solid" | "dotted" | "dashed" | undefined'.
app/(protected)/(tabs)/finance/transactions.tsx(852,31): error TS2769: No overload matches this call.
  Overload 1 of 2, '(props: TextInputProps): TextInput', gave the following error.
    Type '{ outlineStyle?: "none" | undefined; borderWidth: number; borderColor: string; borderRadius: number; padding: number; marginBottom: number; fontSize: number; backgroundColor: string; }' is not assignable to type 'StyleProp<TextStyle>'.
      Type '{ outlineStyle?: "none" | undefined; borderWidth: number; borderColor: string; borderRadius: number; padding: number; marginBottom: number; fontSize: number; backgroundColor: string; }' is not assignable to type 'TextStyle'.
        Types of property 'outlineStyle' are incompatible.
          Type '"none" | undefined' is not assignable to type '"solid" | "dotted" | "dashed" | undefined'.
            Type '"none"' is not assignable to type '"solid" | "dotted" | "dashed" | undefined'.
  Overload 2 of 2, '(props: TextInputProps, context: any): TextInput', gave the following error.
    Type '{ outlineStyle?: "none" | undefined; borderWidth: number; borderColor: string; borderRadius: number; padding: number; marginBottom: number; fontSize: number; backgroundColor: string; }' is not assignable to type 'StyleProp<TextStyle>'.
      Type '{ outlineStyle?: "none" | undefined; borderWidth: number; borderColor: string; borderRadius: number; padding: number; marginBottom: number; fontSize: number; backgroundColor: string; }' is not assignable to type 'TextStyle'.
        Types of property 'outlineStyle' are incompatible.
          Type '"none" | undefined' is not assignable to type '"solid" | "dotted" | "dashed" | undefined'.
            Type '"none"' is not assignable to type '"solid" | "dotted" | "dashed" | undefined'.
app/(protected)/(tabs)/finance/transactions.tsx(1007,15): error TS2322: Type '{ type: "timing"; duration: number; delay: number; }' is not assignable to type 'MotiTransitionProp<any> | undefined'.
  Type '{ type: "timing"; duration: number; delay: number; }' is not assignable to type '({ type: "timing"; } & TimingConfig & { delay?: number | undefined; } & { repeat?: number | undefined; loop?: boolean | undefined; repeatReverse?: boolean | undefined; } & Partial<...>) | DerivedValue<...>'.
    Type '{ type: "timing"; duration: number; delay: number; }' is not assignable to type '{ type: "timing"; } & TimingConfig & { delay?: number | undefined; } & { repeat?: number | undefined; loop?: boolean | undefined; repeatReverse?: boolean | undefined; } & Partial<...>'.
      Type '{ type: "timing"; duration: number; delay: number; }' is not assignable to type 'Partial<Record<string | number | symbol, TransitionConfig>>'.
        Property 'type' is incompatible with index signature.
          Type '"timing"' is not assignable to type 'TransitionConfig | undefined'.
app/(protected)/(tabs)/financial-archetype-quiz.tsx(179,13): error TS2322: Type '{ type: "timing"; duration: number; }' is not assignable to type 'MotiTransitionProp<any> | undefined'.
  Type '{ type: "timing"; duration: number; }' is not assignable to type '({ type: "timing"; } & TimingConfig & { delay?: number | undefined; } & { repeat?: number | undefined; loop?: boolean | undefined; repeatReverse?: boolean | undefined; } & Partial<...>) | DerivedValue<...>'.
    Type '{ type: "timing"; duration: number; }' is not assignable to type '{ type: "timing"; } & TimingConfig & { delay?: number | undefined; } & { repeat?: number | undefined; loop?: boolean | undefined; repeatReverse?: boolean | undefined; } & Partial<...>'.
      Type '{ type: "timing"; duration: number; }' is not assignable to type 'Partial<Record<string | number | symbol, TransitionConfig>>'.
        Property 'type' is incompatible with index signature.
          Type '"timing"' is not assignable to type 'TransitionConfig | undefined'.
app/(protected)/(tabs)/financial-archetype-quiz.tsx(253,11): error TS2322: Type '{ type: "timing"; duration: number; }' is not assignable to type 'MotiTransitionProp<any> | undefined'.
  Type '{ type: "timing"; duration: number; }' is not assignable to type '({ type: "timing"; } & TimingConfig & { delay?: number | undefined; } & { repeat?: number | undefined; loop?: boolean | undefined; repeatReverse?: boolean | undefined; } & Partial<...>) | DerivedValue<...>'.
    Type '{ type: "timing"; duration: number; }' is not assignable to type '{ type: "timing"; } & TimingConfig & { delay?: number | undefined; } & { repeat?: number | undefined; loop?: boolean | undefined; repeatReverse?: boolean | undefined; } & Partial<...>'.
      Type '{ type: "timing"; duration: number; }' is not assignable to type 'Partial<Record<string | number | symbol, TransitionConfig>>'.
        Property 'type' is incompatible with index signature.
          Type '"timing"' is not assignable to type 'TransitionConfig | undefined'.
app/(protected)/(tabs)/financial-archetype-quiz.tsx(266,15): error TS2322: Type '{ type: "timing"; duration: number; delay: number; }' is not assignable to type 'MotiTransitionProp<any> | undefined'.
  Type '{ type: "timing"; duration: number; delay: number; }' is not assignable to type '({ type: "timing"; } & TimingConfig & { delay?: number | undefined; } & { repeat?: number | undefined; loop?: boolean | undefined; repeatReverse?: boolean | undefined; } & Partial<...>) | DerivedValue<...>'.
    Type '{ type: "timing"; duration: number; delay: number; }' is not assignable to type '{ type: "timing"; } & TimingConfig & { delay?: number | undefined; } & { repeat?: number | undefined; loop?: boolean | undefined; repeatReverse?: boolean | undefined; } & Partial<...>'.
      Type '{ type: "timing"; duration: number; delay: number; }' is not assignable to type 'Partial<Record<string | number | symbol, TransitionConfig>>'.
        Property 'type' is incompatible with index signature.
          Type '"timing"' is not assignable to type 'TransitionConfig | undefined'.
app/(protected)/(tabs)/financial-archetype-results.tsx(133,11): error TS2322: Type '{ type: "timing"; duration: number; }' is not assignable to type 'MotiTransitionProp<any> | undefined'.
  Type '{ type: "timing"; duration: number; }' is not assignable to type '({ type: "timing"; } & TimingConfig & { delay?: number | undefined; } & { repeat?: number | undefined; loop?: boolean | undefined; repeatReverse?: boolean | undefined; } & Partial<...>) | DerivedValue<...>'.
    Type '{ type: "timing"; duration: number; }' is not assignable to type '{ type: "timing"; } & TimingConfig & { delay?: number | undefined; } & { repeat?: number | undefined; loop?: boolean | undefined; repeatReverse?: boolean | undefined; } & Partial<...>'.
      Type '{ type: "timing"; duration: number; }' is not assignable to type 'Partial<Record<string | number | symbol, TransitionConfig>>'.
        Property 'type' is incompatible with index signature.
          Type '"timing"' is not assignable to type 'TransitionConfig | undefined'.
app/(protected)/(tabs)/financial-archetype-results.tsx(168,11): error TS2322: Type '{ type: "timing"; duration: number; delay: number; }' is not assignable to type 'MotiTransitionProp<any> | undefined'.
  Type '{ type: "timing"; duration: number; delay: number; }' is not assignable to type '({ type: "timing"; } & TimingConfig & { delay?: number | undefined; } & { repeat?: number | undefined; loop?: boolean | undefined; repeatReverse?: boolean | undefined; } & Partial<...>) | DerivedValue<...>'.
    Type '{ type: "timing"; duration: number; delay: number; }' is not assignable to type '{ type: "timing"; } & TimingConfig & { delay?: number | undefined; } & { repeat?: number | undefined; loop?: boolean | undefined; repeatReverse?: boolean | undefined; } & Partial<...>'.
      Type '{ type: "timing"; duration: number; delay: number; }' is not assignable to type 'Partial<Record<string | number | symbol, TransitionConfig>>'.
        Property 'type' is incompatible with index signature.
          Type '"timing"' is not assignable to type 'TransitionConfig | undefined'.
app/(protected)/(tabs)/financial-archetype-results.tsx(190,19): error TS2322: Type '{ type: "timing"; duration: number; delay: number; }' is not assignable to type 'MotiTransitionProp<any> | undefined'.
  Type '{ type: "timing"; duration: number; delay: number; }' is not assignable to type '({ type: "timing"; } & TimingConfig & { delay?: number | undefined; } & { repeat?: number | undefined; loop?: boolean | undefined; repeatReverse?: boolean | undefined; } & Partial<...>) | DerivedValue<...>'.
    Type '{ type: "timing"; duration: number; delay: number; }' is not assignable to type '{ type: "timing"; } & TimingConfig & { delay?: number | undefined; } & { repeat?: number | undefined; loop?: boolean | undefined; repeatReverse?: boolean | undefined; } & Partial<...>'.
      Type '{ type: "timing"; duration: number; delay: number; }' is not assignable to type 'Partial<Record<string | number | symbol, TransitionConfig>>'.
        Property 'type' is incompatible with index signature.
          Type '"timing"' is not assignable to type 'TransitionConfig | undefined'.
app/(protected)/(tabs)/financial-archetype-results.tsx(214,25): error TS2322: Type '{ type: "timing"; duration: number; delay: number; }' is not assignable to type 'MotiTransitionProp<any> | undefined'.
  Type '{ type: "timing"; duration: number; delay: number; }' is not assignable to type '({ type: "timing"; } & TimingConfig & { delay?: number | undefined; } & { repeat?: number | undefined; loop?: boolean | undefined; repeatReverse?: boolean | undefined; } & Partial<...>) | DerivedValue<...>'.
    Type '{ type: "timing"; duration: number; delay: number; }' is not assignable to type '{ type: "timing"; } & TimingConfig & { delay?: number | undefined; } & { repeat?: number | undefined; loop?: boolean | undefined; repeatReverse?: boolean | undefined; } & Partial<...>'.
      Type '{ type: "timing"; duration: number; delay: number; }' is not assignable to type 'Partial<Record<string | number | symbol, TransitionConfig>>'.
        Property 'type' is incompatible with index signature.
          Type '"timing"' is not assignable to type 'TransitionConfig | undefined'.
app/(protected)/(tabs)/financial-archetype-results.tsx(237,11): error TS2322: Type '{ type: "timing"; duration: number; delay: number; }' is not assignable to type 'MotiTransitionProp<any> | undefined'.
  Type '{ type: "timing"; duration: number; delay: number; }' is not assignable to type '({ type: "timing"; } & TimingConfig & { delay?: number | undefined; } & { repeat?: number | undefined; loop?: boolean | undefined; repeatReverse?: boolean | undefined; } & Partial<...>) | DerivedValue<...>'.
    Type '{ type: "timing"; duration: number; delay: number; }' is not assignable to type '{ type: "timing"; } & TimingConfig & { delay?: number | undefined; } & { repeat?: number | undefined; loop?: boolean | undefined; repeatReverse?: boolean | undefined; } & Partial<...>'.
      Type '{ type: "timing"; duration: number; delay: number; }' is not assignable to type 'Partial<Record<string | number | symbol, TransitionConfig>>'.
        Property 'type' is incompatible with index signature.
          Type '"timing"' is not assignable to type 'TransitionConfig | undefined'.
app/(protected)/(tabs)/financial-archetype-results.tsx(261,11): error TS2322: Type '{ type: "timing"; duration: number; delay: number; }' is not assignable to type 'MotiTransitionProp<any> | undefined'.
  Type '{ type: "timing"; duration: number; delay: number; }' is not assignable to type '({ type: "timing"; } & TimingConfig & { delay?: number | undefined; } & { repeat?: number | undefined; loop?: boolean | undefined; repeatReverse?: boolean | undefined; } & Partial<...>) | DerivedValue<...>'.
    Type '{ type: "timing"; duration: number; delay: number; }' is not assignable to type '{ type: "timing"; } & TimingConfig & { delay?: number | undefined; } & { repeat?: number | undefined; loop?: boolean | undefined; repeatReverse?: boolean | undefined; } & Partial<...>'.
      Type '{ type: "timing"; duration: number; delay: number; }' is not assignable to type 'Partial<Record<string | number | symbol, TransitionConfig>>'.
        Property 'type' is incompatible with index signature.
          Type '"timing"' is not assignable to type 'TransitionConfig | undefined'.
app/(protected)/(tabs)/financial-personality-quiz.tsx(126,13): error TS2322: Type '{ type: "timing"; duration: number; }' is not assignable to type 'MotiTransitionProp<any> | undefined'.
  Type '{ type: "timing"; duration: number; }' is not assignable to type '({ type: "timing"; } & TimingConfig & { delay?: number | undefined; } & { repeat?: number | undefined; loop?: boolean | undefined; repeatReverse?: boolean | undefined; } & Partial<...>) | DerivedValue<...>'.
    Type '{ type: "timing"; duration: number; }' is not assignable to type '{ type: "timing"; } & TimingConfig & { delay?: number | undefined; } & { repeat?: number | undefined; loop?: boolean | undefined; repeatReverse?: boolean | undefined; } & Partial<...>'.
      Type '{ type: "timing"; duration: number; }' is not assignable to type 'Partial<Record<string | number | symbol, TransitionConfig>>'.
        Property 'type' is incompatible with index signature.
          Type '"timing"' is not assignable to type 'TransitionConfig | undefined'.
app/(protected)/(tabs)/financial-personality-quiz.tsx(198,11): error TS2322: Type '{ type: "timing"; duration: number; }' is not assignable to type 'MotiTransitionProp<any> | undefined'.
  Type '{ type: "timing"; duration: number; }' is not assignable to type '({ type: "timing"; } & TimingConfig & { delay?: number | undefined; } & { repeat?: number | undefined; loop?: boolean | undefined; repeatReverse?: boolean | undefined; } & Partial<...>) | DerivedValue<...>'.
    Type '{ type: "timing"; duration: number; }' is not assignable to type '{ type: "timing"; } & TimingConfig & { delay?: number | undefined; } & { repeat?: number | undefined; loop?: boolean | undefined; repeatReverse?: boolean | undefined; } & Partial<...>'.
      Type '{ type: "timing"; duration: number; }' is not assignable to type 'Partial<Record<string | number | symbol, TransitionConfig>>'.
        Property 'type' is incompatible with index signature.
          Type '"timing"' is not assignable to type 'TransitionConfig | undefined'.
app/(protected)/(tabs)/financial-personality-quiz.tsx(211,15): error TS2322: Type '{ type: "timing"; duration: number; delay: number; }' is not assignable to type 'MotiTransitionProp<any> | undefined'.
  Type '{ type: "timing"; duration: number; delay: number; }' is not assignable to type '({ type: "timing"; } & TimingConfig & { delay?: number | undefined; } & { repeat?: number | undefined; loop?: boolean | undefined; repeatReverse?: boolean | undefined; } & Partial<...>) | DerivedValue<...>'.
    Type '{ type: "timing"; duration: number; delay: number; }' is not assignable to type '{ type: "timing"; } & TimingConfig & { delay?: number | undefined; } & { repeat?: number | undefined; loop?: boolean | undefined; repeatReverse?: boolean | undefined; } & Partial<...>'.
      Type '{ type: "timing"; duration: number; delay: number; }' is not assignable to type 'Partial<Record<string | number | symbol, TransitionConfig>>'.
        Property 'type' is incompatible with index signature.
          Type '"timing"' is not assignable to type 'TransitionConfig | undefined'.
app/(protected)/(tabs)/financial-personality-results.tsx(113,11): error TS2322: Type '{ type: "timing"; duration: number; }' is not assignable to type 'MotiTransitionProp<any> | undefined'.
  Type '{ type: "timing"; duration: number; }' is not assignable to type '({ type: "timing"; } & TimingConfig & { delay?: number | undefined; } & { repeat?: number | undefined; loop?: boolean | undefined; repeatReverse?: boolean | undefined; } & Partial<...>) | DerivedValue<...>'.
    Type '{ type: "timing"; duration: number; }' is not assignable to type '{ type: "timing"; } & TimingConfig & { delay?: number | undefined; } & { repeat?: number | undefined; loop?: boolean | undefined; repeatReverse?: boolean | undefined; } & Partial<...>'.
      Type '{ type: "timing"; duration: number; }' is not assignable to type 'Partial<Record<string | number | symbol, TransitionConfig>>'.
        Property 'type' is incompatible with index signature.
          Type '"timing"' is not assignable to type 'TransitionConfig | undefined'.
app/(protected)/(tabs)/financial-personality-results.tsx(135,11): error TS2322: Type '{ type: "timing"; duration: number; delay: number; }' is not assignable to type 'MotiTransitionProp<any> | undefined'.
  Type '{ type: "timing"; duration: number; delay: number; }' is not assignable to type '({ type: "timing"; } & TimingConfig & { delay?: number | undefined; } & { repeat?: number | undefined; loop?: boolean | undefined; repeatReverse?: boolean | undefined; } & Partial<...>) | DerivedValue<...>'.
    Type '{ type: "timing"; duration: number; delay: number; }' is not assignable to type '{ type: "timing"; } & TimingConfig & { delay?: number | undefined; } & { repeat?: number | undefined; loop?: boolean | undefined; repeatReverse?: boolean | undefined; } & Partial<...>'.
      Type '{ type: "timing"; duration: number; delay: number; }' is not assignable to type 'Partial<Record<string | number | symbol, TransitionConfig>>'.
        Property 'type' is incompatible with index signature.
          Type '"timing"' is not assignable to type 'TransitionConfig | undefined'.
app/(protected)/(tabs)/financial-personality-results.tsx(154,19): error TS2322: Type '{ type: "timing"; duration: number; delay: number; }' is not assignable to type 'MotiTransitionProp<any> | undefined'.
  Type '{ type: "timing"; duration: number; delay: number; }' is not assignable to type '({ type: "timing"; } & TimingConfig & { delay?: number | undefined; } & { repeat?: number | undefined; loop?: boolean | undefined; repeatReverse?: boolean | undefined; } & Partial<...>) | DerivedValue<...>'.
    Type '{ type: "timing"; duration: number; delay: number; }' is not assignable to type '{ type: "timing"; } & TimingConfig & { delay?: number | undefined; } & { repeat?: number | undefined; loop?: boolean | undefined; repeatReverse?: boolean | undefined; } & Partial<...>'.
      Type '{ type: "timing"; duration: number; delay: number; }' is not assignable to type 'Partial<Record<string | number | symbol, TransitionConfig>>'.
        Property 'type' is incompatible with index signature.
          Type '"timing"' is not assignable to type 'TransitionConfig | undefined'.
app/(protected)/(tabs)/financial-personality-results.tsx(167,25): error TS2322: Type '{ type: "timing"; duration: number; delay: number; }' is not assignable to type 'MotiTransitionProp<any> | undefined'.
  Type '{ type: "timing"; duration: number; delay: number; }' is not assignable to type '({ type: "timing"; } & TimingConfig & { delay?: number | undefined; } & { repeat?: number | undefined; loop?: boolean | undefined; repeatReverse?: boolean | undefined; } & Partial<...>) | DerivedValue<...>'.
    Type '{ type: "timing"; duration: number; delay: number; }' is not assignable to type '{ type: "timing"; } & TimingConfig & { delay?: number | undefined; } & { repeat?: number | undefined; loop?: boolean | undefined; repeatReverse?: boolean | undefined; } & Partial<...>'.
      Type '{ type: "timing"; duration: number; delay: number; }' is not assignable to type 'Partial<Record<string | number | symbol, TransitionConfig>>'.
        Property 'type' is incompatible with index signature.
          Type '"timing"' is not assignable to type 'TransitionConfig | undefined'.
app/(protected)/(tabs)/financial-personality-results.tsx(186,11): error TS2322: Type '{ type: "timing"; duration: number; delay: number; }' is not assignable to type 'MotiTransitionProp<any> | undefined'.
  Type '{ type: "timing"; duration: number; delay: number; }' is not assignable to type '({ type: "timing"; } & TimingConfig & { delay?: number | undefined; } & { repeat?: number | undefined; loop?: boolean | undefined; repeatReverse?: boolean | undefined; } & Partial<...>) | DerivedValue<...>'.
    Type '{ type: "timing"; duration: number; delay: number; }' is not assignable to type '{ type: "timing"; } & TimingConfig & { delay?: number | undefined; } & { repeat?: number | undefined; loop?: boolean | undefined; repeatReverse?: boolean | undefined; } & Partial<...>'.
      Type '{ type: "timing"; duration: number; delay: number; }' is not assignable to type 'Partial<Record<string | number | symbol, TransitionConfig>>'.
        Property 'type' is incompatible with index signature.
          Type '"timing"' is not assignable to type 'TransitionConfig | undefined'.
app/(protected)/(tabs)/financial-personality-results.tsx(205,11): error TS2322: Type '{ type: "timing"; duration: number; delay: number; }' is not assignable to type 'MotiTransitionProp<any> | undefined'.
  Type '{ type: "timing"; duration: number; delay: number; }' is not assignable to type '({ type: "timing"; } & TimingConfig & { delay?: number | undefined; } & { repeat?: number | undefined; loop?: boolean | undefined; repeatReverse?: boolean | undefined; } & Partial<...>) | DerivedValue<...>'.
    Type '{ type: "timing"; duration: number; delay: number; }' is not assignable to type '{ type: "timing"; } & TimingConfig & { delay?: number | undefined; } & { repeat?: number | undefined; loop?: boolean | undefined; repeatReverse?: boolean | undefined; } & Partial<...>'.
      Type '{ type: "timing"; duration: number; delay: number; }' is not assignable to type 'Partial<Record<string | number | symbol, TransitionConfig>>'.
        Property 'type' is incompatible with index signature.
          Type '"timing"' is not assignable to type 'TransitionConfig | undefined'.
app/(protected)/(tabs)/profile.tsx(52,21): error TS2551: Property 'deleteSessions' does not exist on type '{ get: () => Promise<{ id: string; $id: string; }>; create: (userId: string, email: string, pass: string) => Promise<{ accessToken: string | null; user?: { id: string; createdAt: string; metadata: Record<...> | null; ... 4 more ...; providers?: string[] | undefined; } | undefined; requireEmailVerification?: boolean ...'. Did you mean 'deleteSession'?
app/(protected)/hoy.tsx(28,68): error TS2345: Argument of type 'string | null' is not assignable to parameter of type 'string'.
  Type 'null' is not assignable to type 'string'.
app/(protected)/superadmin/lessons.tsx(96,11): error TS2769: No overload matches this call.
  Overload 1 of 2, '(props: TextInputProps): TextInput', gave the following error.
    Type '{ outlineStyle?: "none" | undefined; borderWidth: number; borderColor: string; borderRadius: number; padding: number; marginBottom: number; fontSize: number; backgroundColor: string; }' is not assignable to type 'StyleProp<TextStyle>'.
      Type '{ outlineStyle?: "none" | undefined; borderWidth: number; borderColor: string; borderRadius: number; padding: number; marginBottom: number; fontSize: number; backgroundColor: string; }' is not assignable to type 'TextStyle'.
        Types of property 'outlineStyle' are incompatible.
          Type '"none" | undefined' is not assignable to type '"solid" | "dotted" | "dashed" | undefined'.
            Type '"none"' is not assignable to type '"solid" | "dotted" | "dashed" | undefined'.
  Overload 2 of 2, '(props: TextInputProps, context: any): TextInput', gave the following error.
    Type '{ outlineStyle?: "none" | undefined; borderWidth: number; borderColor: string; borderRadius: number; padding: number; marginBottom: number; fontSize: number; backgroundColor: string; }' is not assignable to type 'StyleProp<TextStyle>'.
      Type '{ outlineStyle?: "none" | undefined; borderWidth: number; borderColor: string; borderRadius: number; padding: number; marginBottom: number; fontSize: number; backgroundColor: string; }' is not assignable to type 'TextStyle'.
        Types of property 'outlineStyle' are incompatible.
          Type '"none" | undefined' is not assignable to type '"solid" | "dotted" | "dashed" | undefined'.
            Type '"none"' is not assignable to type '"solid" | "dotted" | "dashed" | undefined'.
app/(protected)/superadmin/lessons.tsx(103,19): error TS2769: No overload matches this call.
  Overload 1 of 2, '(props: TextInputProps): TextInput', gave the following error.
    Type '{ outlineStyle?: "none" | undefined; borderWidth: number; borderColor: string; borderRadius: number; padding: number; marginBottom: number; fontSize: number; backgroundColor: string; }' is not assignable to type 'TextStyle | Falsy | RegisteredStyle<TextStyle> | RecursiveArray<TextStyle | Falsy | RegisteredStyle<TextStyle>> | readonly (TextStyle | ... 1 more ... | RegisteredStyle<...>)[]'.
      Type '{ outlineStyle?: "none" | undefined; borderWidth: number; borderColor: string; borderRadius: number; padding: number; marginBottom: number; fontSize: number; backgroundColor: string; }' is not assignable to type 'TextStyle'.
        Types of property 'outlineStyle' are incompatible.
          Type '"none" | undefined' is not assignable to type '"solid" | "dotted" | "dashed" | undefined'.
            Type '"none"' is not assignable to type '"solid" | "dotted" | "dashed" | undefined'.
  Overload 2 of 2, '(props: TextInputProps, context: any): TextInput', gave the following error.
    Type '{ outlineStyle?: "none" | undefined; borderWidth: number; borderColor: string; borderRadius: number; padding: number; marginBottom: number; fontSize: number; backgroundColor: string; }' is not assignable to type 'TextStyle | Falsy | RegisteredStyle<TextStyle> | RecursiveArray<TextStyle | Falsy | RegisteredStyle<TextStyle>> | readonly (TextStyle | ... 1 more ... | RegisteredStyle<...>)[]'.
      Type '{ outlineStyle?: "none" | undefined; borderWidth: number; borderColor: string; borderRadius: number; padding: number; marginBottom: number; fontSize: number; backgroundColor: string; }' is not assignable to type 'TextStyle'.
        Types of property 'outlineStyle' are incompatible.
          Type '"none" | undefined' is not assignable to type '"solid" | "dotted" | "dashed" | undefined'.
            Type '"none"' is not assignable to type '"solid" | "dotted" | "dashed" | undefined'.
app/(protected)/superadmin/lessons.tsx(111,19): error TS2769: No overload matches this call.
  Overload 1 of 2, '(props: TextInputProps): TextInput', gave the following error.
    Type '{ outlineStyle?: "none" | undefined; borderWidth: number; borderColor: string; borderRadius: number; padding: number; marginBottom: number; fontSize: number; backgroundColor: string; }' is not assignable to type 'TextStyle | Falsy | RegisteredStyle<TextStyle> | RecursiveArray<TextStyle | Falsy | RegisteredStyle<TextStyle>> | readonly (TextStyle | ... 1 more ... | RegisteredStyle<...>)[]'.
      Type '{ outlineStyle?: "none" | undefined; borderWidth: number; borderColor: string; borderRadius: number; padding: number; marginBottom: number; fontSize: number; backgroundColor: string; }' is not assignable to type 'TextStyle'.
        Types of property 'outlineStyle' are incompatible.
          Type '"none" | undefined' is not assignable to type '"solid" | "dotted" | "dashed" | undefined'.
            Type '"none"' is not assignable to type '"solid" | "dotted" | "dashed" | undefined'.
  Overload 2 of 2, '(props: TextInputProps, context: any): TextInput', gave the following error.
    Type '{ outlineStyle?: "none" | undefined; borderWidth: number; borderColor: string; borderRadius: number; padding: number; marginBottom: number; fontSize: number; backgroundColor: string; }' is not assignable to type 'TextStyle | Falsy | RegisteredStyle<TextStyle> | RecursiveArray<TextStyle | Falsy | RegisteredStyle<TextStyle>> | readonly (TextStyle | ... 1 more ... | RegisteredStyle<...>)[]'.
      Type '{ outlineStyle?: "none" | undefined; borderWidth: number; borderColor: string; borderRadius: number; padding: number; marginBottom: number; fontSize: number; backgroundColor: string; }' is not assignable to type 'TextStyle'.
        Types of property 'outlineStyle' are incompatible.
          Type '"none" | undefined' is not assignable to type '"solid" | "dotted" | "dashed" | undefined'.
            Type '"none"' is not assignable to type '"solid" | "dotted" | "dashed" | undefined'.
app/(protected)/superadmin/organizations.tsx(287,13): error TS2769: No overload matches this call.
  Overload 1 of 2, '(props: TextInputProps): TextInput', gave the following error.
    Type '{ outlineStyle?: "none" | undefined; borderWidth: number; borderColor: string; borderRadius: number; padding: number; marginBottom: number; fontSize: number; }' is not assignable to type 'StyleProp<TextStyle>'.
      Type '{ outlineStyle?: "none" | undefined; borderWidth: number; borderColor: string; borderRadius: number; padding: number; marginBottom: number; fontSize: number; }' is not assignable to type 'TextStyle'.
        Types of property 'outlineStyle' are incompatible.
          Type '"none" | undefined' is not assignable to type '"solid" | "dotted" | "dashed" | undefined'.
            Type '"none"' is not assignable to type '"solid" | "dotted" | "dashed" | undefined'.
  Overload 2 of 2, '(props: TextInputProps, context: any): TextInput', gave the following error.
    Type '{ outlineStyle?: "none" | undefined; borderWidth: number; borderColor: string; borderRadius: number; padding: number; marginBottom: number; fontSize: number; }' is not assignable to type 'StyleProp<TextStyle>'.
      Type '{ outlineStyle?: "none" | undefined; borderWidth: number; borderColor: string; borderRadius: number; padding: number; marginBottom: number; fontSize: number; }' is not assignable to type 'TextStyle'.
        Types of property 'outlineStyle' are incompatible.
          Type '"none" | undefined' is not assignable to type '"solid" | "dotted" | "dashed" | undefined'.
            Type '"none"' is not assignable to type '"solid" | "dotted" | "dashed" | undefined'.
app/(protected)/superadmin/organizations.tsx(297,13): error TS2769: No overload matches this call.
  Overload 1 of 2, '(props: TextInputProps): TextInput', gave the following error.
    Type '{ outlineStyle?: "none" | undefined; borderWidth: number; borderColor: string; borderRadius: number; padding: number; marginBottom: number; fontSize: number; }' is not assignable to type 'StyleProp<TextStyle>'.
      Type '{ outlineStyle?: "none" | undefined; borderWidth: number; borderColor: string; borderRadius: number; padding: number; marginBottom: number; fontSize: number; }' is not assignable to type 'TextStyle'.
        Types of property 'outlineStyle' are incompatible.
          Type '"none" | undefined' is not assignable to type '"solid" | "dotted" | "dashed" | undefined'.
            Type '"none"' is not assignable to type '"solid" | "dotted" | "dashed" | undefined'.
  Overload 2 of 2, '(props: TextInputProps, context: any): TextInput', gave the following error.
    Type '{ outlineStyle?: "none" | undefined; borderWidth: number; borderColor: string; borderRadius: number; padding: number; marginBottom: number; fontSize: number; }' is not assignable to type 'StyleProp<TextStyle>'.
      Type '{ outlineStyle?: "none" | undefined; borderWidth: number; borderColor: string; borderRadius: number; padding: number; marginBottom: number; fontSize: number; }' is not assignable to type 'TextStyle'.
        Types of property 'outlineStyle' are incompatible.
          Type '"none" | undefined' is not assignable to type '"solid" | "dotted" | "dashed" | undefined'.
            Type '"none"' is not assignable to type '"solid" | "dotted" | "dashed" | undefined'.
app/(protected)/superadmin/organizations.tsx(362,13): error TS2769: No overload matches this call.
  Overload 1 of 2, '(props: TextInputProps): TextInput', gave the following error.
    Type '{ outlineStyle?: "none" | undefined; borderWidth: number; borderColor: string; borderRadius: number; padding: number; marginBottom: number; fontSize: number; }' is not assignable to type 'StyleProp<TextStyle>'.
      Type '{ outlineStyle?: "none" | undefined; borderWidth: number; borderColor: string; borderRadius: number; padding: number; marginBottom: number; fontSize: number; }' is not assignable to type 'TextStyle'.
        Types of property 'outlineStyle' are incompatible.
          Type '"none" | undefined' is not assignable to type '"solid" | "dotted" | "dashed" | undefined'.
            Type '"none"' is not assignable to type '"solid" | "dotted" | "dashed" | undefined'.
  Overload 2 of 2, '(props: TextInputProps, context: any): TextInput', gave the following error.
    Type '{ outlineStyle?: "none" | undefined; borderWidth: number; borderColor: string; borderRadius: number; padding: number; marginBottom: number; fontSize: number; }' is not assignable to type 'StyleProp<TextStyle>'.
      Type '{ outlineStyle?: "none" | undefined; borderWidth: number; borderColor: string; borderRadius: number; padding: number; marginBottom: number; fontSize: number; }' is not assignable to type 'TextStyle'.
        Types of property 'outlineStyle' are incompatible.
          Type '"none" | undefined' is not assignable to type '"solid" | "dotted" | "dashed" | undefined'.
            Type '"none"' is not assignable to type '"solid" | "dotted" | "dashed" | undefined'.
app/(protected)/superadmin/organizations.tsx(370,13): error TS2769: No overload matches this call.
  Overload 1 of 2, '(props: TextInputProps): TextInput', gave the following error.
    Type '{ outlineStyle?: "none" | undefined; borderWidth: number; borderColor: string; borderRadius: number; padding: number; marginBottom: number; fontSize: number; }' is not assignable to type 'StyleProp<TextStyle>'.
      Type '{ outlineStyle?: "none" | undefined; borderWidth: number; borderColor: string; borderRadius: number; padding: number; marginBottom: number; fontSize: number; }' is not assignable to type 'TextStyle'.
        Types of property 'outlineStyle' are incompatible.
          Type '"none" | undefined' is not assignable to type '"solid" | "dotted" | "dashed" | undefined'.
            Type '"none"' is not assignable to type '"solid" | "dotted" | "dashed" | undefined'.
  Overload 2 of 2, '(props: TextInputProps, context: any): TextInput', gave the following error.
    Type '{ outlineStyle?: "none" | undefined; borderWidth: number; borderColor: string; borderRadius: number; padding: number; marginBottom: number; fontSize: number; }' is not assignable to type 'StyleProp<TextStyle>'.
      Type '{ outlineStyle?: "none" | undefined; borderWidth: number; borderColor: string; borderRadius: number; padding: number; marginBottom: number; fontSize: number; }' is not assignable to type 'TextStyle'.
        Types of property 'outlineStyle' are incompatible.
          Type '"none" | undefined' is not assignable to type '"solid" | "dotted" | "dashed" | undefined'.
            Type '"none"' is not assignable to type '"solid" | "dotted" | "dashed" | undefined'.
app/(protected)/superadmin/organizations.tsx(395,21): error TS2769: No overload matches this call.
  Overload 1 of 2, '(props: TextInputProps): TextInput', gave the following error.
    Type '{ outlineStyle?: "none" | undefined; borderWidth: number; borderColor: string; borderRadius: number; padding: number; marginBottom: number; fontSize: number; }' is not assignable to type 'TextStyle | Falsy | RegisteredStyle<TextStyle> | RecursiveArray<TextStyle | Falsy | RegisteredStyle<TextStyle>> | readonly (TextStyle | ... 1 more ... | RegisteredStyle<...>)[]'.
      Type '{ outlineStyle?: "none" | undefined; borderWidth: number; borderColor: string; borderRadius: number; padding: number; marginBottom: number; fontSize: number; }' is not assignable to type 'TextStyle'.
        Types of property 'outlineStyle' are incompatible.
          Type '"none" | undefined' is not assignable to type '"solid" | "dotted" | "dashed" | undefined'.
            Type '"none"' is not assignable to type '"solid" | "dotted" | "dashed" | undefined'.
  Overload 2 of 2, '(props: TextInputProps, context: any): TextInput', gave the following error.
    Type '{ outlineStyle?: "none" | undefined; borderWidth: number; borderColor: string; borderRadius: number; padding: number; marginBottom: number; fontSize: number; }' is not assignable to type 'TextStyle | Falsy | RegisteredStyle<TextStyle> | RecursiveArray<TextStyle | Falsy | RegisteredStyle<TextStyle>> | readonly (TextStyle | ... 1 more ... | RegisteredStyle<...>)[]'.
      Type '{ outlineStyle?: "none" | undefined; borderWidth: number; borderColor: string; borderRadius: number; padding: number; marginBottom: number; fontSize: number; }' is not assignable to type 'TextStyle'.
        Types of property 'outlineStyle' are incompatible.
          Type '"none" | undefined' is not assignable to type '"solid" | "dotted" | "dashed" | undefined'.
            Type '"none"' is not assignable to type '"solid" | "dotted" | "dashed" | undefined'.
app/(protected)/superadmin/organizations.tsx(503,19): error TS2769: No overload matches this call.
  Overload 1 of 2, '(props: TextInputProps): TextInput', gave the following error.
    Type '{ outlineStyle?: "none" | undefined; borderWidth: number; borderColor: string; borderRadius: number; padding: number; marginBottom: number; fontSize: number; }' is not assignable to type 'StyleProp<TextStyle>'.
      Type '{ outlineStyle?: "none" | undefined; borderWidth: number; borderColor: string; borderRadius: number; padding: number; marginBottom: number; fontSize: number; }' is not assignable to type 'TextStyle'.
        Types of property 'outlineStyle' are incompatible.
          Type '"none" | undefined' is not assignable to type '"solid" | "dotted" | "dashed" | undefined'.
            Type '"none"' is not assignable to type '"solid" | "dotted" | "dashed" | undefined'.
  Overload 2 of 2, '(props: TextInputProps, context: any): TextInput', gave the following error.
    Type '{ outlineStyle?: "none" | undefined; borderWidth: number; borderColor: string; borderRadius: number; padding: number; marginBottom: number; fontSize: number; }' is not assignable to type 'StyleProp<TextStyle>'.
      Type '{ outlineStyle?: "none" | undefined; borderWidth: number; borderColor: string; borderRadius: number; padding: number; marginBottom: number; fontSize: number; }' is not assignable to type 'TextStyle'.
        Types of property 'outlineStyle' are incompatible.
          Type '"none" | undefined' is not assignable to type '"solid" | "dotted" | "dashed" | undefined'.
            Type '"none"' is not assignable to type '"solid" | "dotted" | "dashed" | undefined'.
app/(protected)/superadmin/organizations.tsx(511,19): error TS2769: No overload matches this call.
  Overload 1 of 2, '(props: TextInputProps): TextInput', gave the following error.
    Type '{ outlineStyle?: "none" | undefined; borderWidth: number; borderColor: string; borderRadius: number; padding: number; marginBottom: number; fontSize: number; }' is not assignable to type 'StyleProp<TextStyle>'.
      Type '{ outlineStyle?: "none" | undefined; borderWidth: number; borderColor: string; borderRadius: number; padding: number; marginBottom: number; fontSize: number; }' is not assignable to type 'TextStyle'.
        Types of property 'outlineStyle' are incompatible.
          Type '"none" | undefined' is not assignable to type '"solid" | "dotted" | "dashed" | undefined'.
            Type '"none"' is not assignable to type '"solid" | "dotted" | "dashed" | undefined'.
  Overload 2 of 2, '(props: TextInputProps, context: any): TextInput', gave the following error.
    Type '{ outlineStyle?: "none" | undefined; borderWidth: number; borderColor: string; borderRadius: number; padding: number; marginBottom: number; fontSize: number; }' is not assignable to type 'StyleProp<TextStyle>'.
      Type '{ outlineStyle?: "none" | undefined; borderWidth: number; borderColor: string; borderRadius: number; padding: number; marginBottom: number; fontSize: number; }' is not assignable to type 'TextStyle'.
        Types of property 'outlineStyle' are incompatible.
          Type '"none" | undefined' is not assignable to type '"solid" | "dotted" | "dashed" | undefined'.
            Type '"none"' is not assignable to type '"solid" | "dotted" | "dashed" | undefined'.
app/(protected)/superadmin/organizations.tsx(536,27): error TS2769: No overload matches this call.
  Overload 1 of 2, '(props: TextInputProps): TextInput', gave the following error.
    Type '{ outlineStyle?: "none" | undefined; borderWidth: number; borderColor: string; borderRadius: number; padding: number; marginBottom: number; fontSize: number; }' is not assignable to type 'TextStyle | Falsy | RegisteredStyle<TextStyle> | RecursiveArray<TextStyle | Falsy | RegisteredStyle<TextStyle>> | readonly (TextStyle | ... 1 more ... | RegisteredStyle<...>)[]'.
      Type '{ outlineStyle?: "none" | undefined; borderWidth: number; borderColor: string; borderRadius: number; padding: number; marginBottom: number; fontSize: number; }' is not assignable to type 'TextStyle'.
        Types of property 'outlineStyle' are incompatible.
          Type '"none" | undefined' is not assignable to type '"solid" | "dotted" | "dashed" | undefined'.
            Type '"none"' is not assignable to type '"solid" | "dotted" | "dashed" | undefined'.
  Overload 2 of 2, '(props: TextInputProps, context: any): TextInput', gave the following error.
    Type '{ outlineStyle?: "none" | undefined; borderWidth: number; borderColor: string; borderRadius: number; padding: number; marginBottom: number; fontSize: number; }' is not assignable to type 'TextStyle | Falsy | RegisteredStyle<TextStyle> | RecursiveArray<TextStyle | Falsy | RegisteredStyle<TextStyle>> | readonly (TextStyle | ... 1 more ... | RegisteredStyle<...>)[]'.
      Type '{ outlineStyle?: "none" | undefined; borderWidth: number; borderColor: string; borderRadius: number; padding: number; marginBottom: number; fontSize: number; }' is not assignable to type 'TextStyle'.
        Types of property 'outlineStyle' are incompatible.
          Type '"none" | undefined' is not assignable to type '"solid" | "dotted" | "dashed" | undefined'.
            Type '"none"' is not assignable to type '"solid" | "dotted" | "dashed" | undefined'.
app/(public)/_layout.tsx(11,33): error TS2493: Tuple type '[string]' of length '1' has no element at index '1'.
app/(public)/auth.tsx(172,3): error TS2322: Type '{ minHeight?: "100vh" | undefined; flex: number; backgroundColor: string; }' is not assignable to type 'TextStyle | ViewStyle | ImageStyle'.
  Type '{ minHeight?: "100vh" | undefined; flex: number; backgroundColor: string; }' is not assignable to type 'ImageStyle'.
    Types of property 'minHeight' are incompatible.
      Type '"100vh" | undefined' is not assignable to type 'DimensionValue | undefined'.
        Type '"100vh"' is not assignable to type 'DimensionValue | undefined'.
app/(public)/forgot-password.tsx(23,21): error TS2339: Property 'createRecovery' does not exist on type '{ get: () => Promise<{ id: string; $id: string; }>; create: (userId: string, email: string, pass: string) => Promise<{ accessToken: string | null; user?: { id: string; createdAt: string; metadata: Record<...> | null; ... 4 more ...; providers?: string[] | undefined; } | undefined; requireEmailVerification?: boolean ...'.
app/(public)/invite/[token].tsx(99,60): error TS2554: Expected 3 arguments, but got 4.
app/(public)/invite/[token].tsx(199,11): error TS2769: No overload matches this call.
  Overload 1 of 2, '(props: TextInputProps): TextInput', gave the following error.
    Type '{ outlineStyle?: "none" | undefined; borderWidth: number; borderColor: string; borderRadius: number; padding: number; marginBottom: number; fontSize: number; }' is not assignable to type 'StyleProp<TextStyle>'.
      Type '{ outlineStyle?: "none" | undefined; borderWidth: number; borderColor: string; borderRadius: number; padding: number; marginBottom: number; fontSize: number; }' is not assignable to type 'TextStyle'.
        Types of property 'outlineStyle' are incompatible.
          Type '"none" | undefined' is not assignable to type '"solid" | "dotted" | "dashed" | undefined'.
            Type '"none"' is not assignable to type '"solid" | "dotted" | "dashed" | undefined'.
  Overload 2 of 2, '(props: TextInputProps, context: any): TextInput', gave the following error.
    Type '{ outlineStyle?: "none" | undefined; borderWidth: number; borderColor: string; borderRadius: number; padding: number; marginBottom: number; fontSize: number; }' is not assignable to type 'StyleProp<TextStyle>'.
      Type '{ outlineStyle?: "none" | undefined; borderWidth: number; borderColor: string; borderRadius: number; padding: number; marginBottom: number; fontSize: number; }' is not assignable to type 'TextStyle'.
        Types of property 'outlineStyle' are incompatible.
          Type '"none" | undefined' is not assignable to type '"solid" | "dotted" | "dashed" | undefined'.
            Type '"none"' is not assignable to type '"solid" | "dotted" | "dashed" | undefined'.
app/(public)/invite/[token].tsx(209,9): error TS2769: No overload matches this call.
  Overload 1 of 2, '(props: TextInputProps): TextInput', gave the following error.
    Type '{ outlineStyle?: "none" | undefined; borderWidth: number; borderColor: string; borderRadius: number; padding: number; marginBottom: number; fontSize: number; }' is not assignable to type 'StyleProp<TextStyle>'.
      Type '{ outlineStyle?: "none" | undefined; borderWidth: number; borderColor: string; borderRadius: number; padding: number; marginBottom: number; fontSize: number; }' is not assignable to type 'TextStyle'.
        Types of property 'outlineStyle' are incompatible.
          Type '"none" | undefined' is not assignable to type '"solid" | "dotted" | "dashed" | undefined'.
            Type '"none"' is not assignable to type '"solid" | "dotted" | "dashed" | undefined'.
  Overload 2 of 2, '(props: TextInputProps, context: any): TextInput', gave the following error.
    Type '{ outlineStyle?: "none" | undefined; borderWidth: number; borderColor: string; borderRadius: number; padding: number; marginBottom: number; fontSize: number; }' is not assignable to type 'StyleProp<TextStyle>'.
      Type '{ outlineStyle?: "none" | undefined; borderWidth: number; borderColor: string; borderRadius: number; padding: number; marginBottom: number; fontSize: number; }' is not assignable to type 'TextStyle'.
        Types of property 'outlineStyle' are incompatible.
          Type '"none" | undefined' is not assignable to type '"solid" | "dotted" | "dashed" | undefined'.
            Type '"none"' is not assignable to type '"solid" | "dotted" | "dashed" | undefined'.
app/(public)/invite/[token].tsx(216,9): error TS2769: No overload matches this call.
  Overload 1 of 2, '(props: TextInputProps): TextInput', gave the following error.
    Type '{ outlineStyle?: "none" | undefined; borderWidth: number; borderColor: string; borderRadius: number; padding: number; marginBottom: number; fontSize: number; }' is not assignable to type 'StyleProp<TextStyle>'.
      Type '{ outlineStyle?: "none" | undefined; borderWidth: number; borderColor: string; borderRadius: number; padding: number; marginBottom: number; fontSize: number; }' is not assignable to type 'TextStyle'.
        Types of property 'outlineStyle' are incompatible.
          Type '"none" | undefined' is not assignable to type '"solid" | "dotted" | "dashed" | undefined'.
            Type '"none"' is not assignable to type '"solid" | "dotted" | "dashed" | undefined'.
  Overload 2 of 2, '(props: TextInputProps, context: any): TextInput', gave the following error.
    Type '{ outlineStyle?: "none" | undefined; borderWidth: number; borderColor: string; borderRadius: number; padding: number; marginBottom: number; fontSize: number; }' is not assignable to type 'StyleProp<TextStyle>'.
      Type '{ outlineStyle?: "none" | undefined; borderWidth: number; borderColor: string; borderRadius: number; padding: number; marginBottom: number; fontSize: number; }' is not assignable to type 'TextStyle'.
        Types of property 'outlineStyle' are incompatible.
          Type '"none" | undefined' is not assignable to type '"solid" | "dotted" | "dashed" | undefined'.
            Type '"none"' is not assignable to type '"solid" | "dotted" | "dashed" | undefined'.
app/(public)/signup.tsx(100,73): error TS2554: Expected 3 arguments, but got 4.
app/(public)/signup.tsx(301,3): error TS2322: Type '{ minHeight?: "100vh" | undefined; flex: number; backgroundColor: string; }' is not assignable to type 'TextStyle | ViewStyle | ImageStyle'.
  Type '{ minHeight?: "100vh" | undefined; flex: number; backgroundColor: string; }' is not assignable to type 'ImageStyle'.
    Types of property 'minHeight' are incompatible.
      Type '"100vh" | undefined' is not assignable to type 'DimensionValue | undefined'.
        Type '"100vh"' is not assignable to type 'DimensionValue | undefined'.
app/_layout.tsx(28,11): error TS2769: No overload matches this call.
  Overload 1 of 2, '(props: ViewProps): View', gave the following error.
    Type '{ minHeight?: "100vh" | undefined; flex: number; }' is not assignable to type 'StyleProp<ViewStyle>'.
      Type '{ minHeight?: "100vh" | undefined; flex: number; }' is not assignable to type 'undefined'.
  Overload 2 of 2, '(props: ViewProps, context: any): View', gave the following error.
    Type '{ minHeight?: "100vh" | undefined; flex: number; }' is not assignable to type 'StyleProp<ViewStyle>'.
      Type '{ minHeight?: "100vh" | undefined; flex: number; }' is not assignable to type 'undefined'.
components/auth-input.tsx(36,11): error TS2769: No overload matches this call.
  Overload 1 of 2, '(props: ViewProps): View', gave the following error.
    Type '{ outlineStyle?: "none" | undefined; flexDirection: "row"; alignItems: "center"; borderWidth: number; borderColor: string; borderRadius: number; backgroundColor: string; marginBottom: number; paddingHorizontal: number; minHeight: number; }' is not assignable to type 'StyleProp<ViewStyle>'.
      Type '{ outlineStyle?: "none" | undefined; flexDirection: "row"; alignItems: "center"; borderWidth: number; borderColor: string; borderRadius: number; backgroundColor: string; marginBottom: number; paddingHorizontal: number; minHeight: number; }' is not assignable to type 'ViewStyle'.
        Types of property 'outlineStyle' are incompatible.
          Type '"none" | undefined' is not assignable to type '"solid" | "dotted" | "dashed" | undefined'.
            Type '"none"' is not assignable to type '"solid" | "dotted" | "dashed" | undefined'.
  Overload 2 of 2, '(props: ViewProps, context: any): View', gave the following error.
    Type '{ outlineStyle?: "none" | undefined; flexDirection: "row"; alignItems: "center"; borderWidth: number; borderColor: string; borderRadius: number; backgroundColor: string; marginBottom: number; paddingHorizontal: number; minHeight: number; }' is not assignable to type 'StyleProp<ViewStyle>'.
      Type '{ outlineStyle?: "none" | undefined; flexDirection: "row"; alignItems: "center"; borderWidth: number; borderColor: string; borderRadius: number; backgroundColor: string; marginBottom: number; paddingHorizontal: number; minHeight: number; }' is not assignable to type 'ViewStyle'.
        Types of property 'outlineStyle' are incompatible.
          Type '"none" | undefined' is not assignable to type '"solid" | "dotted" | "dashed" | undefined'.
            Type '"none"' is not assignable to type '"solid" | "dotted" | "dashed" | undefined'.
components/auth-input.tsx(41,17): error TS2769: No overload matches this call.
  Overload 1 of 2, '(props: TextInputProps): TextInput', gave the following error.
    Type '{ outlineStyle?: "none" | undefined; flex: number; fontSize: number; color: string; paddingVertical: number; }' is not assignable to type 'TextStyle | Falsy | RegisteredStyle<TextStyle> | RecursiveArray<TextStyle | Falsy | RegisteredStyle<TextStyle>> | readonly (TextStyle | ... 1 more ... | RegisteredStyle<...>)[]'.
      Type '{ outlineStyle?: "none" | undefined; flex: number; fontSize: number; color: string; paddingVertical: number; }' is not assignable to type 'TextStyle'.
        Types of property 'outlineStyle' are incompatible.
          Type '"none" | undefined' is not assignable to type '"solid" | "dotted" | "dashed" | undefined'.
            Type '"none"' is not assignable to type '"solid" | "dotted" | "dashed" | undefined'.
  Overload 2 of 2, '(props: TextInputProps, context: any): TextInput', gave the following error.
    Type '{ outlineStyle?: "none" | undefined; flex: number; fontSize: number; color: string; paddingVertical: number; }' is not assignable to type 'TextStyle | Falsy | RegisteredStyle<TextStyle> | RecursiveArray<TextStyle | Falsy | RegisteredStyle<TextStyle>> | readonly (TextStyle | ... 1 more ... | RegisteredStyle<...>)[]'.
      Type '{ outlineStyle?: "none" | undefined; flex: number; fontSize: number; color: string; paddingVertical: number; }' is not assignable to type 'TextStyle'.
        Types of property 'outlineStyle' are incompatible.
          Type '"none" | undefined' is not assignable to type '"solid" | "dotted" | "dashed" | undefined'.
            Type '"none"' is not assignable to type '"solid" | "dotted" | "dashed" | undefined'.
components/course/LessonAudioPlayer.tsx(66,11): error TS2304: Cannot find name 'intervalRef'.
components/course/LessonAudioPlayer.tsx(66,46): error TS2304: Cannot find name 'intervalRef'.
components/finance/ExpenseByCategoryChart.tsx(44,17): error TS2322: Type '{ type: "timing"; duration: number; delay: number; }' is not assignable to type 'MotiTransitionProp<any> | undefined'.
  Type '{ type: "timing"; duration: number; delay: number; }' is not assignable to type '({ type: "timing"; } & TimingConfig & { delay?: number | undefined; } & { repeat?: number | undefined; loop?: boolean | undefined; repeatReverse?: boolean | undefined; } & Partial<...>) | DerivedValue<...>'.
    Type '{ type: "timing"; duration: number; delay: number; }' is not assignable to type '{ type: "timing"; } & TimingConfig & { delay?: number | undefined; } & { repeat?: number | undefined; loop?: boolean | undefined; repeatReverse?: boolean | undefined; } & Partial<...>'.
      Type '{ type: "timing"; duration: number; delay: number; }' is not assignable to type 'Partial<Record<string | number | symbol, TransitionConfig>>'.
        Property 'type' is incompatible with index signature.
          Type '"timing"' is not assignable to type 'TransitionConfig | undefined'.
components/finance/IncomeExpenseChart.tsx(30,13): error TS2322: Type '{ type: "timing"; duration: number; delay: number; }' is not assignable to type 'MotiTransitionProp<any> | undefined'.
  Type '{ type: "timing"; duration: number; delay: number; }' is not assignable to type '({ type: "timing"; } & TimingConfig & { delay?: number | undefined; } & { repeat?: number | undefined; loop?: boolean | undefined; repeatReverse?: boolean | undefined; } & Partial<...>) | DerivedValue<...>'.
    Type '{ type: "timing"; duration: number; delay: number; }' is not assignable to type '{ type: "timing"; } & TimingConfig & { delay?: number | undefined; } & { repeat?: number | undefined; loop?: boolean | undefined; repeatReverse?: boolean | undefined; } & Partial<...>'.
      Type '{ type: "timing"; duration: number; delay: number; }' is not assignable to type 'Partial<Record<string | number | symbol, TransitionConfig>>'.
        Property 'type' is incompatible with index signature.
          Type '"timing"' is not assignable to type 'TransitionConfig | undefined'.
components/finance/IncomeExpenseChart.tsx(50,13): error TS2322: Type '{ type: "timing"; duration: number; delay: number; }' is not assignable to type 'MotiTransitionProp<any> | undefined'.
  Type '{ type: "timing"; duration: number; delay: number; }' is not assignable to type '({ type: "timing"; } & TimingConfig & { delay?: number | undefined; } & { repeat?: number | undefined; loop?: boolean | undefined; repeatReverse?: boolean | undefined; } & Partial<...>) | DerivedValue<...>'.
    Type '{ type: "timing"; duration: number; delay: number; }' is not assignable to type '{ type: "timing"; } & TimingConfig & { delay?: number | undefined; } & { repeat?: number | undefined; loop?: boolean | undefined; repeatReverse?: boolean | undefined; } & Partial<...>'.
      Type '{ type: "timing"; duration: number; delay: number; }' is not assignable to type 'Partial<Record<string | number | symbol, TransitionConfig>>'.
        Property 'type' is incompatible with index signature.
          Type '"timing"' is not assignable to type 'TransitionConfig | undefined'.
components/finance/Last3MonthsChart.tsx(50,15): error TS2322: Type '{ type: "timing"; duration: number; delay: number; }' is not assignable to type 'MotiTransitionProp<any> | undefined'.
  Type '{ type: "timing"; duration: number; delay: number; }' is not assignable to type '({ type: "timing"; } & TimingConfig & { delay?: number | undefined; } & { repeat?: number | undefined; loop?: boolean | undefined; repeatReverse?: boolean | undefined; } & Partial<...>) | DerivedValue<...>'.
    Type '{ type: "timing"; duration: number; delay: number; }' is not assignable to type '{ type: "timing"; } & TimingConfig & { delay?: number | undefined; } & { repeat?: number | undefined; loop?: boolean | undefined; repeatReverse?: boolean | undefined; } & Partial<...>'.
      Type '{ type: "timing"; duration: number; delay: number; }' is not assignable to type 'Partial<Record<string | number | symbol, TransitionConfig>>'.
        Property 'type' is incompatible with index signature.
          Type '"timing"' is not assignable to type 'TransitionConfig | undefined'.
components/finance/Last3MonthsChart.tsx(62,23): error TS2322: Type '{ type: "timing"; duration: number; delay: number; }' is not assignable to type 'MotiTransitionProp<any> | undefined'.
  Type '{ type: "timing"; duration: number; delay: number; }' is not assignable to type '({ type: "timing"; } & TimingConfig & { delay?: number | undefined; } & { repeat?: number | undefined; loop?: boolean | undefined; repeatReverse?: boolean | undefined; } & Partial<...>) | DerivedValue<...>'.
    Type '{ type: "timing"; duration: number; delay: number; }' is not assignable to type '{ type: "timing"; } & TimingConfig & { delay?: number | undefined; } & { repeat?: number | undefined; loop?: boolean | undefined; repeatReverse?: boolean | undefined; } & Partial<...>'.
      Type '{ type: "timing"; duration: number; delay: number; }' is not assignable to type 'Partial<Record<string | number | symbol, TransitionConfig>>'.
        Property 'type' is incompatible with index signature.
          Type '"timing"' is not assignable to type 'TransitionConfig | undefined'.
components/finance/Last3MonthsChart.tsx(76,23): error TS2322: Type '{ type: "timing"; duration: number; delay: number; }' is not assignable to type 'MotiTransitionProp<any> | undefined'.
  Type '{ type: "timing"; duration: number; delay: number; }' is not assignable to type '({ type: "timing"; } & TimingConfig & { delay?: number | undefined; } & { repeat?: number | undefined; loop?: boolean | undefined; repeatReverse?: boolean | undefined; } & Partial<...>) | DerivedValue<...>'.
    Type '{ type: "timing"; duration: number; delay: number; }' is not assignable to type '{ type: "timing"; } & TimingConfig & { delay?: number | undefined; } & { repeat?: number | undefined; loop?: boolean | undefined; repeatReverse?: boolean | undefined; } & Partial<...>'.
      Type '{ type: "timing"; duration: number; delay: number; }' is not assignable to type 'Partial<Record<string | number | symbol, TransitionConfig>>'.
        Property 'type' is incompatible with index signature.
          Type '"timing"' is not assignable to type 'TransitionConfig | undefined'.
components/pilot/EmotionalCheckin.tsx(33,60): error TS2352: Conversion of type '{ id: string; }' to type '{ value: string; }' may be a mistake because neither type sufficiently overlaps with the other. If this was intentional, convert the expression to 'unknown' first.
  Property 'value' is missing in type '{ id: string; }' but required in type '{ value: string; }'.
components/PointsRewardModal.tsx(30,13): error TS2322: Type '{ type: "timing"; duration: number; scale: { type: "spring"; damping: number; stiffness: number; }; }' is not assignable to type 'MotiTransitionProp<any> | undefined'.
  Type '{ type: "timing"; duration: number; scale: { type: "spring"; damping: number; stiffness: number; }; }' is not assignable to type '({ type: "timing"; } & TimingConfig & { delay?: number | undefined; } & { repeat?: number | undefined; loop?: boolean | undefined; repeatReverse?: boolean | undefined; } & Partial<...>) | DerivedValue<...>'.
    Type '{ type: "timing"; duration: number; scale: { type: "spring"; damping: number; stiffness: number; }; }' is not assignable to type '{ type: "timing"; } & TimingConfig & { delay?: number | undefined; } & { repeat?: number | undefined; loop?: boolean | undefined; repeatReverse?: boolean | undefined; } & Partial<...>'.
      Type '{ type: "timing"; duration: number; scale: { type: "spring"; damping: number; stiffness: number; }; }' is not assignable to type 'Partial<Record<string | number | symbol, TransitionConfig>>'.
        Property 'type' is incompatible with index signature.
          Type '"timing"' is not assignable to type 'TransitionConfig | undefined'.
contexts/auth-context.tsx(333,9): error TS2322: Type 'string | boolean | null' is not assignable to type 'boolean'.
  Type 'null' is not assignable to type 'boolean'.
lib/category-icons.ts(1,15): error TS2305: Module '"@tamagui/lucide-icons"' has no exported member 'LucideIcon'.
